[2.061s] Invoking command in '/home/rokey/turtlebot3_ws/build/turtlebot3_teleop': PYTHONPATH=/home/rokey/turtlebot3_ws/build/turtlebot3_teleop/prefix_override:/usr/lib/python3/dist-packages/colcon_core/task/python/colcon_distutils_commands:/home/rokey/turtlebot3_ws/install/turtlebot3_teleop/lib/python3.10/site-packages:${PYTHONPATH} /usr/bin/python3 -W ignore:setup.py install is deprecated -W ignore:easy_install command is deprecated setup.py develop --editable --build-directory /home/rokey/turtlebot3_ws/build/turtlebot3_teleop/build --no-deps symlink_data
[3.175s] running develop
[3.675s] running egg_info
[3.675s] creating turtlebot3_teleop.egg-info
[3.697s] writing turtlebot3_teleop.egg-info/PKG-INFO
[3.697s] writing dependency_links to turtlebot3_teleop.egg-info/dependency_links.txt
[3.697s] writing entry points to turtlebot3_teleop.egg-info/entry_points.txt
[3.697s] writing requirements to turtlebot3_teleop.egg-info/requires.txt
[3.697s] writing top-level names to turtlebot3_teleop.egg-info/top_level.txt
[3.698s] writing manifest file 'turtlebot3_teleop.egg-info/SOURCES.txt'
[3.743s] reading manifest file 'turtlebot3_teleop.egg-info/SOURCES.txt'
[3.744s] writing manifest file 'turtlebot3_teleop.egg-info/SOURCES.txt'
[3.776s] running build_ext
[3.776s] Creating /home/rokey/turtlebot3_ws/install/turtlebot3_teleop/lib/python3.10/site-packages/turtlebot3-teleop.egg-link (link to .)
[3.776s] Installing teleop_keyboard script to /home/rokey/turtlebot3_ws/install/turtlebot3_teleop/lib/turtlebot3_teleop
[3.776s] 
[3.777s] Installed /home/rokey/turtlebot3_ws/build/turtlebot3_teleop
[3.777s] running symlink_data
[3.777s] creating /home/rokey/turtlebot3_ws/install/turtlebot3_teleop/share/ament_index
[3.777s] creating /home/rokey/turtlebot3_ws/install/turtlebot3_teleop/share/ament_index/resource_index
[3.777s] creating /home/rokey/turtlebot3_ws/install/turtlebot3_teleop/share/ament_index/resource_index/packages
[3.777s] symbolically linking /home/rokey/turtlebot3_ws/build/turtlebot3_teleop/resource/turtlebot3_teleop -> /home/rokey/turtlebot3_ws/install/turtlebot3_teleop/share/ament_index/resource_index/packages
[3.777s] symbolically linking /home/rokey/turtlebot3_ws/build/turtlebot3_teleop/package.xml -> /home/rokey/turtlebot3_ws/install/turtlebot3_teleop/share/turtlebot3_teleop
[3.855s] Invoked command in '/home/rokey/turtlebot3_ws/build/turtlebot3_teleop' returned '0': PYTHONPATH=/home/rokey/turtlebot3_ws/build/turtlebot3_teleop/prefix_override:/usr/lib/python3/dist-packages/colcon_core/task/python/colcon_distutils_commands:/home/rokey/turtlebot3_ws/install/turtlebot3_teleop/lib/python3.10/site-packages:${PYTHONPATH} /usr/bin/python3 -W ignore:setup.py install is deprecated -W ignore:easy_install command is deprecated setup.py develop --editable --build-directory /home/rokey/turtlebot3_ws/build/turtlebot3_teleop/build --no-deps symlink_data
