[2.947s] Invoking command in '/home/rokey/turtlebot3_ws/build/turtlebot3_autorace_detect': PYTHONPATH=/home/rokey/turtlebot3_ws/build/turtlebot3_autorace_detect/prefix_override:/usr/lib/python3/dist-packages/colcon_core/task/python/colcon_distutils_commands:/home/rokey/turtlebot3_ws/install/turtlebot3_autorace_detect/lib/python3.10/site-packages:${PYTHONPATH} /usr/bin/python3 -W ignore:setup.py install is deprecated -W ignore:easy_install command is deprecated setup.py develop --editable --build-directory /home/rokey/turtlebot3_ws/build/turtlebot3_autorace_detect/build --no-deps symlink_data
[3.587s] running develop
[3.933s] running egg_info
[3.934s] creating turtlebot3_autorace_detect.egg-info
[3.956s] writing turtlebot3_autorace_detect.egg-info/PKG-INFO
[3.956s] writing dependency_links to turtlebot3_autorace_detect.egg-info/dependency_links.txt
[3.957s] writing entry points to turtlebot3_autorace_detect.egg-info/entry_points.txt
[3.957s] writing requirements to turtlebot3_autorace_detect.egg-info/requires.txt
[3.957s] writing top-level names to turtlebot3_autorace_detect.egg-info/top_level.txt
[3.957s] writing manifest file 'turtlebot3_autorace_detect.egg-info/SOURCES.txt'
[4.001s] reading manifest file 'turtlebot3_autorace_detect.egg-info/SOURCES.txt'
[4.002s] writing manifest file 'turtlebot3_autorace_detect.egg-info/SOURCES.txt'
[4.025s] running build_ext
[4.026s] Creating /home/rokey/turtlebot3_ws/install/turtlebot3_autorace_detect/lib/python3.10/site-packages/turtlebot3-autorace-detect.egg-link (link to .)
[4.026s] Installing detect_construction_sign script to /home/rokey/turtlebot3_ws/install/turtlebot3_autorace_detect/lib/turtlebot3_autorace_detect
[4.026s] Installing detect_intersection_sign script to /home/rokey/turtlebot3_ws/install/turtlebot3_autorace_detect/lib/turtlebot3_autorace_detect
[4.026s] Installing detect_lane script to /home/rokey/turtlebot3_ws/install/turtlebot3_autorace_detect/lib/turtlebot3_autorace_detect
[4.027s] Installing detect_level_crossing script to /home/rokey/turtlebot3_ws/install/turtlebot3_autorace_detect/lib/turtlebot3_autorace_detect
[4.027s] Installing detect_level_crossing_sign script to /home/rokey/turtlebot3_ws/install/turtlebot3_autorace_detect/lib/turtlebot3_autorace_detect
[4.027s] Installing detect_parking_sign script to /home/rokey/turtlebot3_ws/install/turtlebot3_autorace_detect/lib/turtlebot3_autorace_detect
[4.027s] Installing detect_traffic_light script to /home/rokey/turtlebot3_ws/install/turtlebot3_autorace_detect/lib/turtlebot3_autorace_detect
[4.027s] Installing detect_tunnel_sign script to /home/rokey/turtlebot3_ws/install/turtlebot3_autorace_detect/lib/turtlebot3_autorace_detect
[4.027s] 
[4.027s] Installed /home/rokey/turtlebot3_ws/build/turtlebot3_autorace_detect
[4.027s] running symlink_data
[4.028s] creating /home/rokey/turtlebot3_ws/install/turtlebot3_autorace_detect/share/ament_index
[4.028s] creating /home/rokey/turtlebot3_ws/install/turtlebot3_autorace_detect/share/ament_index/resource_index
[4.028s] creating /home/rokey/turtlebot3_ws/install/turtlebot3_autorace_detect/share/ament_index/resource_index/packages
[4.028s] symbolically linking /home/rokey/turtlebot3_ws/build/turtlebot3_autorace_detect/resource/turtlebot3_autorace_detect -> /home/rokey/turtlebot3_ws/install/turtlebot3_autorace_detect/share/ament_index/resource_index/packages
[4.028s] symbolically linking /home/rokey/turtlebot3_ws/build/turtlebot3_autorace_detect/package.xml -> /home/rokey/turtlebot3_ws/install/turtlebot3_autorace_detect/share/turtlebot3_autorace_detect
[4.028s] creating /home/rokey/turtlebot3_ws/install/turtlebot3_autorace_detect/share/turtlebot3_autorace_detect/launch
[4.028s] symbolically linking /home/rokey/turtlebot3_ws/build/turtlebot3_autorace_detect/launch/detect_traffic_light.launch.py -> /home/rokey/turtlebot3_ws/install/turtlebot3_autorace_detect/share/turtlebot3_autorace_detect/launch
[4.028s] symbolically linking /home/rokey/turtlebot3_ws/build/turtlebot3_autorace_detect/launch/detect_level_crossing.launch.py -> /home/rokey/turtlebot3_ws/install/turtlebot3_autorace_detect/share/turtlebot3_autorace_detect/launch
[4.029s] symbolically linking /home/rokey/turtlebot3_ws/build/turtlebot3_autorace_detect/launch/detect_sign.launch.py -> /home/rokey/turtlebot3_ws/install/turtlebot3_autorace_detect/share/turtlebot3_autorace_detect/launch
[4.029s] symbolically linking /home/rokey/turtlebot3_ws/build/turtlebot3_autorace_detect/launch/detect_lane.launch.py -> /home/rokey/turtlebot3_ws/install/turtlebot3_autorace_detect/share/turtlebot3_autorace_detect/launch
[4.029s] creating /home/rokey/turtlebot3_ws/install/turtlebot3_autorace_detect/share/turtlebot3_autorace_detect/param
[4.029s] creating /home/rokey/turtlebot3_ws/install/turtlebot3_autorace_detect/share/turtlebot3_autorace_detect/param/lane
[4.029s] symbolically linking /home/rokey/turtlebot3_ws/build/turtlebot3_autorace_detect/param/lane/lane.yaml -> /home/rokey/turtlebot3_ws/install/turtlebot3_autorace_detect/share/turtlebot3_autorace_detect/param/lane
[4.029s] creating /home/rokey/turtlebot3_ws/install/turtlebot3_autorace_detect/share/turtlebot3_autorace_detect/param/level
[4.029s] symbolically linking /home/rokey/turtlebot3_ws/build/turtlebot3_autorace_detect/param/level/level.yaml -> /home/rokey/turtlebot3_ws/install/turtlebot3_autorace_detect/share/turtlebot3_autorace_detect/param/level
[4.029s] creating /home/rokey/turtlebot3_ws/install/turtlebot3_autorace_detect/share/turtlebot3_autorace_detect/param/traffic_light
[4.029s] symbolically linking /home/rokey/turtlebot3_ws/build/turtlebot3_autorace_detect/param/traffic_light/traffic_light.yaml -> /home/rokey/turtlebot3_ws/install/turtlebot3_autorace_detect/share/turtlebot3_autorace_detect/param/traffic_light
[4.029s] creating /home/rokey/turtlebot3_ws/install/turtlebot3_autorace_detect/share/turtlebot3_autorace_detect/image
[4.030s] symbolically linking /home/rokey/turtlebot3_ws/build/turtlebot3_autorace_detect/image/right.png -> /home/rokey/turtlebot3_ws/install/turtlebot3_autorace_detect/share/turtlebot3_autorace_detect/image
[4.030s] symbolically linking /home/rokey/turtlebot3_ws/build/turtlebot3_autorace_detect/image/construction.png -> /home/rokey/turtlebot3_ws/install/turtlebot3_autorace_detect/share/turtlebot3_autorace_detect/image
[4.030s] symbolically linking /home/rokey/turtlebot3_ws/build/turtlebot3_autorace_detect/image/left.png -> /home/rokey/turtlebot3_ws/install/turtlebot3_autorace_detect/share/turtlebot3_autorace_detect/image
[4.030s] symbolically linking /home/rokey/turtlebot3_ws/build/turtlebot3_autorace_detect/image/intersection.png -> /home/rokey/turtlebot3_ws/install/turtlebot3_autorace_detect/share/turtlebot3_autorace_detect/image
[4.030s] symbolically linking /home/rokey/turtlebot3_ws/build/turtlebot3_autorace_detect/image/tunnel.png -> /home/rokey/turtlebot3_ws/install/turtlebot3_autorace_detect/share/turtlebot3_autorace_detect/image
[4.030s] symbolically linking /home/rokey/turtlebot3_ws/build/turtlebot3_autorace_detect/image/stop.png -> /home/rokey/turtlebot3_ws/install/turtlebot3_autorace_detect/share/turtlebot3_autorace_detect/image
[4.030s] symbolically linking /home/rokey/turtlebot3_ws/build/turtlebot3_autorace_detect/image/parking.png -> /home/rokey/turtlebot3_ws/install/turtlebot3_autorace_detect/share/turtlebot3_autorace_detect/image
[4.084s] Invoked command in '/home/rokey/turtlebot3_ws/build/turtlebot3_autorace_detect' returned '0': PYTHONPATH=/home/rokey/turtlebot3_ws/build/turtlebot3_autorace_detect/prefix_override:/usr/lib/python3/dist-packages/colcon_core/task/python/colcon_distutils_commands:/home/rokey/turtlebot3_ws/install/turtlebot3_autorace_detect/lib/python3.10/site-packages:${PYTHONPATH} /usr/bin/python3 -W ignore:setup.py install is deprecated -W ignore:easy_install command is deprecated setup.py develop --editable --build-directory /home/rokey/turtlebot3_ws/build/turtlebot3_autorace_detect/build --no-deps symlink_data
