[3.389s] Invoking command in '/home/andy/turtlebot3_ws/src/turtlebot3_parking_mission': PYTHONPATH=/home/andy/turtlebot3_ws/build/turtlebot3_parking_mission/prefix_override:/usr/lib/python3/dist-packages/colcon_core/task/python/colcon_distutils_commands:/home/andy/turtlebot3_ws/install/turtlebot3_parking_mission/lib/python3.10/site-packages:${PYTHONPATH} /usr/bin/python3 -W ignore:setup.py install is deprecated -W ignore:easy_install command is deprecated setup.py egg_info --egg-base ../../build/turtlebot3_parking_mission build --build-base /home/andy/turtlebot3_ws/build/turtlebot3_parking_mission/build install --record /home/andy/turtlebot3_ws/build/turtlebot3_parking_mission/install.log --single-version-externally-managed install_data
[4.704s] running egg_info
[4.709s] writing ../../build/turtlebot3_parking_mission/turtlebot3_parking_mission.egg-info/PKG-INFO
[4.711s] writing dependency_links to ../../build/turtlebot3_parking_mission/turtlebot3_parking_mission.egg-info/dependency_links.txt
[4.712s] writing entry points to ../../build/turtlebot3_parking_mission/turtlebot3_parking_mission.egg-info/entry_points.txt
[4.712s] writing requirements to ../../build/turtlebot3_parking_mission/turtlebot3_parking_mission.egg-info/requires.txt
[4.712s] writing top-level names to ../../build/turtlebot3_parking_mission/turtlebot3_parking_mission.egg-info/top_level.txt
[4.720s] reading manifest file '../../build/turtlebot3_parking_mission/turtlebot3_parking_mission.egg-info/SOURCES.txt'
[4.723s] writing manifest file '../../build/turtlebot3_parking_mission/turtlebot3_parking_mission.egg-info/SOURCES.txt'
[4.723s] running build
[4.723s] running build_py
[4.724s] copying turtlebot3_parking_mission/parking_mission_node.py -> /home/andy/turtlebot3_ws/build/turtlebot3_parking_mission/build/lib/turtlebot3_parking_mission
[4.725s] running install
[4.728s] running install_lib
[4.732s] copying /home/andy/turtlebot3_ws/build/turtlebot3_parking_mission/build/lib/turtlebot3_parking_mission/parking_mission_node.py -> /home/andy/turtlebot3_ws/install/turtlebot3_parking_mission/lib/python3.10/site-packages/turtlebot3_parking_mission
[4.736s] byte-compiling /home/andy/turtlebot3_ws/install/turtlebot3_parking_mission/lib/python3.10/site-packages/turtlebot3_parking_mission/parking_mission_node.py to parking_mission_node.cpython-310.pyc
[4.740s] running install_data
[4.741s] running install_egg_info
[4.745s] removing '/home/andy/turtlebot3_ws/install/turtlebot3_parking_mission/lib/python3.10/site-packages/turtlebot3_parking_mission-0.0.0-py3.10.egg-info' (and everything under it)
[4.746s] Copying ../../build/turtlebot3_parking_mission/turtlebot3_parking_mission.egg-info to /home/andy/turtlebot3_ws/install/turtlebot3_parking_mission/lib/python3.10/site-packages/turtlebot3_parking_mission-0.0.0-py3.10.egg-info
[4.750s] running install_scripts
[4.843s] Installing parking_mission_node script to /home/andy/turtlebot3_ws/install/turtlebot3_parking_mission/lib/turtlebot3_parking_mission
[4.845s] writing list of installed files to '/home/andy/turtlebot3_ws/build/turtlebot3_parking_mission/install.log'
[5.011s] Invoked command in '/home/andy/turtlebot3_ws/src/turtlebot3_parking_mission' returned '0': PYTHONPATH=/home/andy/turtlebot3_ws/build/turtlebot3_parking_mission/prefix_override:/usr/lib/python3/dist-packages/colcon_core/task/python/colcon_distutils_commands:/home/andy/turtlebot3_ws/install/turtlebot3_parking_mission/lib/python3.10/site-packages:${PYTHONPATH} /usr/bin/python3 -W ignore:setup.py install is deprecated -W ignore:easy_install command is deprecated setup.py egg_info --egg-base ../../build/turtlebot3_parking_mission build --build-base /home/andy/turtlebot3_ws/build/turtlebot3_parking_mission/build install --record /home/andy/turtlebot3_ws/build/turtlebot3_parking_mission/install.log --single-version-externally-managed install_data
