running develop
Removing /home/andy/turtlebot3_ws/install/turtlebot3_autorace_detect/lib/python3.10/site-packages/turtlebot3-autorace-detect.egg-link (link to .)
running egg_info
writing ../../../build/turtlebot3_autorace_detect/turtlebot3_autorace_detect.egg-info/PKG-INFO
writing dependency_links to ../../../build/turtlebot3_autorace_detect/turtlebot3_autorace_detect.egg-info/dependency_links.txt
writing entry points to ../../../build/turtlebot3_autorace_detect/turtlebot3_autorace_detect.egg-info/entry_points.txt
writing requirements to ../../../build/turtlebot3_autorace_detect/turtlebot3_autorace_detect.egg-info/requires.txt
writing top-level names to ../../../build/turtlebot3_autorace_detect/turtlebot3_autorace_detect.egg-info/top_level.txt
reading manifest file '../../../build/turtlebot3_autorace_detect/turtlebot3_autorace_detect.egg-info/SOURCES.txt'
writing manifest file '../../../build/turtlebot3_autorace_detect/turtlebot3_autorace_detect.egg-info/SOURCES.txt'
running build
running build_py
creating /home/andy/turtlebot3_ws/build/turtlebot3_autorace_detect/build
creating /home/andy/turtlebot3_ws/build/turtlebot3_autorace_detect/build/lib
creating /home/andy/turtlebot3_ws/build/turtlebot3_autorace_detect/build/lib/turtlebot3_autorace_detect
copying turtlebot3_autorace_detect/detect_construction_sign.py -> /home/andy/turtlebot3_ws/build/turtlebot3_autorace_detect/build/lib/turtlebot3_autorace_detect
copying turtlebot3_autorace_detect/detect_lane.py -> /home/andy/turtlebot3_ws/build/turtlebot3_autorace_detect/build/lib/turtlebot3_autorace_detect
copying turtlebot3_autorace_detect/detect_intersection_sign.py -> /home/andy/turtlebot3_ws/build/turtlebot3_autorace_detect/build/lib/turtlebot3_autorace_detect
copying turtlebot3_autorace_detect/__init__.py -> /home/andy/turtlebot3_ws/build/turtlebot3_autorace_detect/build/lib/turtlebot3_autorace_detect
copying turtlebot3_autorace_detect/detect_traffic_light.py -> /home/andy/turtlebot3_ws/build/turtlebot3_autorace_detect/build/lib/turtlebot3_autorace_detect
copying turtlebot3_autorace_detect/detect_tunnel_sign.py -> /home/andy/turtlebot3_ws/build/turtlebot3_autorace_detect/build/lib/turtlebot3_autorace_detect
copying turtlebot3_autorace_detect/detect_level_crossing_sign.py -> /home/andy/turtlebot3_ws/build/turtlebot3_autorace_detect/build/lib/turtlebot3_autorace_detect
copying turtlebot3_autorace_detect/detect_level_crossing.py -> /home/andy/turtlebot3_ws/build/turtlebot3_autorace_detect/build/lib/turtlebot3_autorace_detect
copying turtlebot3_autorace_detect/detect_parking_sign.py -> /home/andy/turtlebot3_ws/build/turtlebot3_autorace_detect/build/lib/turtlebot3_autorace_detect
running install
running install_lib
creating /home/andy/turtlebot3_ws/install/turtlebot3_autorace_detect/lib/python3.10/site-packages/turtlebot3_autorace_detect
copying /home/andy/turtlebot3_ws/build/turtlebot3_autorace_detect/build/lib/turtlebot3_autorace_detect/detect_construction_sign.py -> /home/andy/turtlebot3_ws/install/turtlebot3_autorace_detect/lib/python3.10/site-packages/turtlebot3_autorace_detect
copying /home/andy/turtlebot3_ws/build/turtlebot3_autorace_detect/build/lib/turtlebot3_autorace_detect/detect_lane.py -> /home/andy/turtlebot3_ws/install/turtlebot3_autorace_detect/lib/python3.10/site-packages/turtlebot3_autorace_detect
copying /home/andy/turtlebot3_ws/build/turtlebot3_autorace_detect/build/lib/turtlebot3_autorace_detect/detect_intersection_sign.py -> /home/andy/turtlebot3_ws/install/turtlebot3_autorace_detect/lib/python3.10/site-packages/turtlebot3_autorace_detect
copying /home/andy/turtlebot3_ws/build/turtlebot3_autorace_detect/build/lib/turtlebot3_autorace_detect/__init__.py -> /home/andy/turtlebot3_ws/install/turtlebot3_autorace_detect/lib/python3.10/site-packages/turtlebot3_autorace_detect
copying /home/andy/turtlebot3_ws/build/turtlebot3_autorace_detect/build/lib/turtlebot3_autorace_detect/detect_traffic_light.py -> /home/andy/turtlebot3_ws/install/turtlebot3_autorace_detect/lib/python3.10/site-packages/turtlebot3_autorace_detect
copying /home/andy/turtlebot3_ws/build/turtlebot3_autorace_detect/build/lib/turtlebot3_autorace_detect/detect_tunnel_sign.py -> /home/andy/turtlebot3_ws/install/turtlebot3_autorace_detect/lib/python3.10/site-packages/turtlebot3_autorace_detect
copying /home/andy/turtlebot3_ws/build/turtlebot3_autorace_detect/build/lib/turtlebot3_autorace_detect/detect_level_crossing_sign.py -> /home/andy/turtlebot3_ws/install/turtlebot3_autorace_detect/lib/python3.10/site-packages/turtlebot3_autorace_detect
copying /home/andy/turtlebot3_ws/build/turtlebot3_autorace_detect/build/lib/turtlebot3_autorace_detect/detect_level_crossing.py -> /home/andy/turtlebot3_ws/install/turtlebot3_autorace_detect/lib/python3.10/site-packages/turtlebot3_autorace_detect
copying /home/andy/turtlebot3_ws/build/turtlebot3_autorace_detect/build/lib/turtlebot3_autorace_detect/detect_parking_sign.py -> /home/andy/turtlebot3_ws/install/turtlebot3_autorace_detect/lib/python3.10/site-packages/turtlebot3_autorace_detect
byte-compiling /home/andy/turtlebot3_ws/install/turtlebot3_autorace_detect/lib/python3.10/site-packages/turtlebot3_autorace_detect/detect_construction_sign.py to detect_construction_sign.cpython-310.pyc
byte-compiling /home/andy/turtlebot3_ws/install/turtlebot3_autorace_detect/lib/python3.10/site-packages/turtlebot3_autorace_detect/detect_lane.py to detect_lane.cpython-310.pyc
byte-compiling /home/andy/turtlebot3_ws/install/turtlebot3_autorace_detect/lib/python3.10/site-packages/turtlebot3_autorace_detect/detect_intersection_sign.py to detect_intersection_sign.cpython-310.pyc
byte-compiling /home/andy/turtlebot3_ws/install/turtlebot3_autorace_detect/lib/python3.10/site-packages/turtlebot3_autorace_detect/__init__.py to __init__.cpython-310.pyc
byte-compiling /home/andy/turtlebot3_ws/install/turtlebot3_autorace_detect/lib/python3.10/site-packages/turtlebot3_autorace_detect/detect_traffic_light.py to detect_traffic_light.cpython-310.pyc
byte-compiling /home/andy/turtlebot3_ws/install/turtlebot3_autorace_detect/lib/python3.10/site-packages/turtlebot3_autorace_detect/detect_tunnel_sign.py to detect_tunnel_sign.cpython-310.pyc
byte-compiling /home/andy/turtlebot3_ws/install/turtlebot3_autorace_detect/lib/python3.10/site-packages/turtlebot3_autorace_detect/detect_level_crossing_sign.py to detect_level_crossing_sign.cpython-310.pyc
byte-compiling /home/andy/turtlebot3_ws/install/turtlebot3_autorace_detect/lib/python3.10/site-packages/turtlebot3_autorace_detect/detect_level_crossing.py to detect_level_crossing.cpython-310.pyc
byte-compiling /home/andy/turtlebot3_ws/install/turtlebot3_autorace_detect/lib/python3.10/site-packages/turtlebot3_autorace_detect/detect_parking_sign.py to detect_parking_sign.cpython-310.pyc
running install_data
copying resource/turtlebot3_autorace_detect -> /home/andy/turtlebot3_ws/install/turtlebot3_autorace_detect/share/ament_index/resource_index/packages
copying package.xml -> /home/andy/turtlebot3_ws/install/turtlebot3_autorace_detect/share/turtlebot3_autorace_detect
copying launch/detect_sign.launch.py -> /home/andy/turtlebot3_ws/install/turtlebot3_autorace_detect/share/turtlebot3_autorace_detect/launch
copying launch/detect_level_crossing.launch.py -> /home/andy/turtlebot3_ws/install/turtlebot3_autorace_detect/share/turtlebot3_autorace_detect/launch
copying launch/detect_lane.launch.py -> /home/andy/turtlebot3_ws/install/turtlebot3_autorace_detect/share/turtlebot3_autorace_detect/launch
copying launch/detect_traffic_light.launch.py -> /home/andy/turtlebot3_ws/install/turtlebot3_autorace_detect/share/turtlebot3_autorace_detect/launch
copying param/lane/lane.yaml -> /home/andy/turtlebot3_ws/install/turtlebot3_autorace_detect/share/turtlebot3_autorace_detect/param/lane
copying param/level/level.yaml -> /home/andy/turtlebot3_ws/install/turtlebot3_autorace_detect/share/turtlebot3_autorace_detect/param/level
copying param/traffic_light/traffic_light.yaml -> /home/andy/turtlebot3_ws/install/turtlebot3_autorace_detect/share/turtlebot3_autorace_detect/param/traffic_light
copying image/left.png -> /home/andy/turtlebot3_ws/install/turtlebot3_autorace_detect/share/turtlebot3_autorace_detect/image
copying image/construction.png -> /home/andy/turtlebot3_ws/install/turtlebot3_autorace_detect/share/turtlebot3_autorace_detect/image
copying image/tunnel.png -> /home/andy/turtlebot3_ws/install/turtlebot3_autorace_detect/share/turtlebot3_autorace_detect/image
copying image/stop.png -> /home/andy/turtlebot3_ws/install/turtlebot3_autorace_detect/share/turtlebot3_autorace_detect/image
copying image/right.png -> /home/andy/turtlebot3_ws/install/turtlebot3_autorace_detect/share/turtlebot3_autorace_detect/image
copying image/parking.png -> /home/andy/turtlebot3_ws/install/turtlebot3_autorace_detect/share/turtlebot3_autorace_detect/image
copying image/intersection.png -> /home/andy/turtlebot3_ws/install/turtlebot3_autorace_detect/share/turtlebot3_autorace_detect/image
running install_egg_info
Copying ../../../build/turtlebot3_autorace_detect/turtlebot3_autorace_detect.egg-info to /home/andy/turtlebot3_ws/install/turtlebot3_autorace_detect/lib/python3.10/site-packages/turtlebot3_autorace_detect-1.2.2-py3.10.egg-info
running install_scripts
Installing detect_construction_sign script to /home/andy/turtlebot3_ws/install/turtlebot3_autorace_detect/lib/turtlebot3_autorace_detect
Installing detect_intersection_sign script to /home/andy/turtlebot3_ws/install/turtlebot3_autorace_detect/lib/turtlebot3_autorace_detect
Installing detect_lane script to /home/andy/turtlebot3_ws/install/turtlebot3_autorace_detect/lib/turtlebot3_autorace_detect
Installing detect_level_crossing script to /home/andy/turtlebot3_ws/install/turtlebot3_autorace_detect/lib/turtlebot3_autorace_detect
Installing detect_level_crossing_sign script to /home/andy/turtlebot3_ws/install/turtlebot3_autorace_detect/lib/turtlebot3_autorace_detect
Installing detect_parking_sign script to /home/andy/turtlebot3_ws/install/turtlebot3_autorace_detect/lib/turtlebot3_autorace_detect
Installing detect_traffic_light script to /home/andy/turtlebot3_ws/install/turtlebot3_autorace_detect/lib/turtlebot3_autorace_detect
Installing detect_tunnel_sign script to /home/andy/turtlebot3_ws/install/turtlebot3_autorace_detect/lib/turtlebot3_autorace_detect
writing list of installed files to '/home/andy/turtlebot3_ws/build/turtlebot3_autorace_detect/install.log'
