running egg_info
creating ../../build/turtlebot3_parking_mission/turtlebot3_parking_mission.egg-info
writing ../../build/turtlebot3_parking_mission/turtlebot3_parking_mission.egg-info/PKG-INFO
writing dependency_links to ../../build/turtlebot3_parking_mission/turtlebot3_parking_mission.egg-info/dependency_links.txt
writing entry points to ../../build/turtlebot3_parking_mission/turtlebot3_parking_mission.egg-info/entry_points.txt
writing requirements to ../../build/turtlebot3_parking_mission/turtlebot3_parking_mission.egg-info/requires.txt
writing top-level names to ../../build/turtlebot3_parking_mission/turtlebot3_parking_mission.egg-info/top_level.txt
writing manifest file '../../build/turtlebot3_parking_mission/turtlebot3_parking_mission.egg-info/SOURCES.txt'
reading manifest file '../../build/turtlebot3_parking_mission/turtlebot3_parking_mission.egg-info/SOURCES.txt'
writing manifest file '../../build/turtlebot3_parking_mission/turtlebot3_parking_mission.egg-info/SOURCES.txt'
running build
running build_py
creating /home/andy/turtlebot3_ws/build/turtlebot3_parking_mission/build
creating /home/andy/turtlebot3_ws/build/turtlebot3_parking_mission/build/lib
creating /home/andy/turtlebot3_ws/build/turtlebot3_parking_mission/build/lib/turtlebot3_parking_mission
copying turtlebot3_parking_mission/parking_mission_node.py -> /home/andy/turtlebot3_ws/build/turtlebot3_parking_mission/build/lib/turtlebot3_parking_mission
copying turtlebot3_parking_mission/__init__.py -> /home/andy/turtlebot3_ws/build/turtlebot3_parking_mission/build/lib/turtlebot3_parking_mission
running install
running install_lib
creating /home/andy/turtlebot3_ws/install/turtlebot3_parking_mission/lib/python3.10/site-packages/turtlebot3_parking_mission
copying /home/andy/turtlebot3_ws/build/turtlebot3_parking_mission/build/lib/turtlebot3_parking_mission/parking_mission_node.py -> /home/andy/turtlebot3_ws/install/turtlebot3_parking_mission/lib/python3.10/site-packages/turtlebot3_parking_mission
copying /home/andy/turtlebot3_ws/build/turtlebot3_parking_mission/build/lib/turtlebot3_parking_mission/__init__.py -> /home/andy/turtlebot3_ws/install/turtlebot3_parking_mission/lib/python3.10/site-packages/turtlebot3_parking_mission
byte-compiling /home/andy/turtlebot3_ws/install/turtlebot3_parking_mission/lib/python3.10/site-packages/turtlebot3_parking_mission/parking_mission_node.py to parking_mission_node.cpython-310.pyc
byte-compiling /home/andy/turtlebot3_ws/install/turtlebot3_parking_mission/lib/python3.10/site-packages/turtlebot3_parking_mission/__init__.py to __init__.cpython-310.pyc
running install_egg_info
Copying ../../build/turtlebot3_parking_mission/turtlebot3_parking_mission.egg-info to /home/andy/turtlebot3_ws/install/turtlebot3_parking_mission/lib/python3.10/site-packages/turtlebot3_parking_mission-0.0.0-py3.10.egg-info
running install_scripts
Installing parking_mission_node script to /home/andy/turtlebot3_ws/install/turtlebot3_parking_mission/lib/turtlebot3_parking_mission
writing list of installed files to '/home/andy/turtlebot3_ws/build/turtlebot3_parking_mission/install.log'
