/home/andy/turtlebot3_ws/install/turtlebot3_autorace_detect/lib/python3.10/site-packages/turtlebot3_autorace_detect/detect_construction_sign.py
/home/andy/turtlebot3_ws/install/turtlebot3_autorace_detect/lib/python3.10/site-packages/turtlebot3_autorace_detect/detect_lane.py
/home/andy/turtlebot3_ws/install/turtlebot3_autorace_detect/lib/python3.10/site-packages/turtlebot3_autorace_detect/detect_intersection_sign.py
/home/andy/turtlebot3_ws/install/turtlebot3_autorace_detect/lib/python3.10/site-packages/turtlebot3_autorace_detect/__init__.py
/home/andy/turtlebot3_ws/install/turtlebot3_autorace_detect/lib/python3.10/site-packages/turtlebot3_autorace_detect/detect_traffic_light.py
/home/andy/turtlebot3_ws/install/turtlebot3_autorace_detect/lib/python3.10/site-packages/turtlebot3_autorace_detect/detect_tunnel_sign.py
/home/andy/turtlebot3_ws/install/turtlebot3_autorace_detect/lib/python3.10/site-packages/turtlebot3_autorace_detect/detect_level_crossing_sign.py
/home/andy/turtlebot3_ws/install/turtlebot3_autorace_detect/lib/python3.10/site-packages/turtlebot3_autorace_detect/detect_level_crossing.py
/home/andy/turtlebot3_ws/install/turtlebot3_autorace_detect/lib/python3.10/site-packages/turtlebot3_autorace_detect/detect_parking_sign.py
/home/andy/turtlebot3_ws/install/turtlebot3_autorace_detect/lib/python3.10/site-packages/turtlebot3_autorace_detect/__pycache__/detect_construction_sign.cpython-310.pyc
/home/andy/turtlebot3_ws/install/turtlebot3_autorace_detect/lib/python3.10/site-packages/turtlebot3_autorace_detect/__pycache__/detect_lane.cpython-310.pyc
/home/andy/turtlebot3_ws/install/turtlebot3_autorace_detect/lib/python3.10/site-packages/turtlebot3_autorace_detect/__pycache__/detect_intersection_sign.cpython-310.pyc
/home/andy/turtlebot3_ws/install/turtlebot3_autorace_detect/lib/python3.10/site-packages/turtlebot3_autorace_detect/__pycache__/__init__.cpython-310.pyc
/home/andy/turtlebot3_ws/install/turtlebot3_autorace_detect/lib/python3.10/site-packages/turtlebot3_autorace_detect/__pycache__/detect_traffic_light.cpython-310.pyc
/home/andy/turtlebot3_ws/install/turtlebot3_autorace_detect/lib/python3.10/site-packages/turtlebot3_autorace_detect/__pycache__/detect_tunnel_sign.cpython-310.pyc
/home/andy/turtlebot3_ws/install/turtlebot3_autorace_detect/lib/python3.10/site-packages/turtlebot3_autorace_detect/__pycache__/detect_level_crossing_sign.cpython-310.pyc
/home/andy/turtlebot3_ws/install/turtlebot3_autorace_detect/lib/python3.10/site-packages/turtlebot3_autorace_detect/__pycache__/detect_level_crossing.cpython-310.pyc
/home/andy/turtlebot3_ws/install/turtlebot3_autorace_detect/lib/python3.10/site-packages/turtlebot3_autorace_detect/__pycache__/detect_parking_sign.cpython-310.pyc
/home/andy/turtlebot3_ws/install/turtlebot3_autorace_detect/share/ament_index/resource_index/packages/turtlebot3_autorace_detect
/home/andy/turtlebot3_ws/install/turtlebot3_autorace_detect/share/turtlebot3_autorace_detect/package.xml
/home/andy/turtlebot3_ws/install/turtlebot3_autorace_detect/share/turtlebot3_autorace_detect/launch/detect_sign.launch.py
/home/andy/turtlebot3_ws/install/turtlebot3_autorace_detect/share/turtlebot3_autorace_detect/launch/detect_level_crossing.launch.py
/home/andy/turtlebot3_ws/install/turtlebot3_autorace_detect/share/turtlebot3_autorace_detect/launch/detect_lane.launch.py
/home/andy/turtlebot3_ws/install/turtlebot3_autorace_detect/share/turtlebot3_autorace_detect/launch/detect_traffic_light.launch.py
/home/andy/turtlebot3_ws/install/turtlebot3_autorace_detect/share/turtlebot3_autorace_detect/param/lane/lane.yaml
/home/andy/turtlebot3_ws/install/turtlebot3_autorace_detect/share/turtlebot3_autorace_detect/param/level/level.yaml
/home/andy/turtlebot3_ws/install/turtlebot3_autorace_detect/share/turtlebot3_autorace_detect/param/traffic_light/traffic_light.yaml
/home/andy/turtlebot3_ws/install/turtlebot3_autorace_detect/share/turtlebot3_autorace_detect/image/left.png
/home/andy/turtlebot3_ws/install/turtlebot3_autorace_detect/share/turtlebot3_autorace_detect/image/construction.png
/home/andy/turtlebot3_ws/install/turtlebot3_autorace_detect/share/turtlebot3_autorace_detect/image/tunnel.png
/home/andy/turtlebot3_ws/install/turtlebot3_autorace_detect/share/turtlebot3_autorace_detect/image/stop.png
/home/andy/turtlebot3_ws/install/turtlebot3_autorace_detect/share/turtlebot3_autorace_detect/image/right.png
/home/andy/turtlebot3_ws/install/turtlebot3_autorace_detect/share/turtlebot3_autorace_detect/image/parking.png
/home/andy/turtlebot3_ws/install/turtlebot3_autorace_detect/share/turtlebot3_autorace_detect/image/intersection.png
/home/andy/turtlebot3_ws/install/turtlebot3_autorace_detect/lib/python3.10/site-packages/turtlebot3_autorace_detect-1.2.2-py3.10.egg-info/SOURCES.txt
/home/andy/turtlebot3_ws/install/turtlebot3_autorace_detect/lib/python3.10/site-packages/turtlebot3_autorace_detect-1.2.2-py3.10.egg-info/requires.txt
/home/andy/turtlebot3_ws/install/turtlebot3_autorace_detect/lib/python3.10/site-packages/turtlebot3_autorace_detect-1.2.2-py3.10.egg-info/dependency_links.txt
/home/andy/turtlebot3_ws/install/turtlebot3_autorace_detect/lib/python3.10/site-packages/turtlebot3_autorace_detect-1.2.2-py3.10.egg-info/PKG-INFO
/home/andy/turtlebot3_ws/install/turtlebot3_autorace_detect/lib/python3.10/site-packages/turtlebot3_autorace_detect-1.2.2-py3.10.egg-info/entry_points.txt
/home/andy/turtlebot3_ws/install/turtlebot3_autorace_detect/lib/python3.10/site-packages/turtlebot3_autorace_detect-1.2.2-py3.10.egg-info/top_level.txt
/home/andy/turtlebot3_ws/install/turtlebot3_autorace_detect/lib/python3.10/site-packages/turtlebot3_autorace_detect-1.2.2-py3.10.egg-info/zip-safe
/home/andy/turtlebot3_ws/install/turtlebot3_autorace_detect/lib/turtlebot3_autorace_detect/detect_construction_sign
/home/andy/turtlebot3_ws/install/turtlebot3_autorace_detect/lib/turtlebot3_autorace_detect/detect_intersection_sign
/home/andy/turtlebot3_ws/install/turtlebot3_autorace_detect/lib/turtlebot3_autorace_detect/detect_lane
/home/andy/turtlebot3_ws/install/turtlebot3_autorace_detect/lib/turtlebot3_autorace_detect/detect_level_crossing
/home/andy/turtlebot3_ws/install/turtlebot3_autorace_detect/lib/turtlebot3_autorace_detect/detect_level_crossing_sign
/home/andy/turtlebot3_ws/install/turtlebot3_autorace_detect/lib/turtlebot3_autorace_detect/detect_parking_sign
/home/andy/turtlebot3_ws/install/turtlebot3_autorace_detect/lib/turtlebot3_autorace_detect/detect_traffic_light
/home/andy/turtlebot3_ws/install/turtlebot3_autorace_detect/lib/turtlebot3_autorace_detect/detect_tunnel_sign
