[3.065s] Invoking command in '/home/andy/turtlebot3_ws/src/turtlebot3_parking_mission': PYTHONPATH=/home/andy/turtlebot3_ws/build/turtlebot3_parking_mission/prefix_override:/usr/lib/python3/dist-packages/colcon_core/task/python/colcon_distutils_commands:/home/andy/turtlebot3_ws/install/turtlebot3_parking_mission/lib/python3.10/site-packages:${PYTHONPATH} /usr/bin/python3 -W ignore:setup.py install is deprecated -W ignore:easy_install command is deprecated setup.py egg_info --egg-base ../../build/turtlebot3_parking_mission build --build-base /home/andy/turtlebot3_ws/build/turtlebot3_parking_mission/build install --record /home/andy/turtlebot3_ws/build/turtlebot3_parking_mission/install.log --single-version-externally-managed install_data
[4.340s] running egg_info
[4.342s] writing ../../build/turtlebot3_parking_mission/turtlebot3_parking_mission.egg-info/PKG-INFO
[4.343s] writing dependency_links to ../../build/turtlebot3_parking_mission/turtlebot3_parking_mission.egg-info/dependency_links.txt
[4.345s] writing entry points to ../../build/turtlebot3_parking_mission/turtlebot3_parking_mission.egg-info/entry_points.txt
[4.346s] writing requirements to ../../build/turtlebot3_parking_mission/turtlebot3_parking_mission.egg-info/requires.txt
[4.346s] writing top-level names to ../../build/turtlebot3_parking_mission/turtlebot3_parking_mission.egg-info/top_level.txt
[4.354s] reading manifest file '../../build/turtlebot3_parking_mission/turtlebot3_parking_mission.egg-info/SOURCES.txt'
[4.357s] writing manifest file '../../build/turtlebot3_parking_mission/turtlebot3_parking_mission.egg-info/SOURCES.txt'
[4.357s] running build
[4.358s] running build_py
[4.361s] running install
[4.362s] running install_lib
[4.367s] running install_data
[4.367s] running install_egg_info
[4.377s] removing '/home/andy/turtlebot3_ws/install/turtlebot3_parking_mission/lib/python3.10/site-packages/turtlebot3_parking_mission-0.0.0-py3.10.egg-info' (and everything under it)
[4.379s] Copying ../../build/turtlebot3_parking_mission/turtlebot3_parking_mission.egg-info to /home/andy/turtlebot3_ws/install/turtlebot3_parking_mission/lib/python3.10/site-packages/turtlebot3_parking_mission-0.0.0-py3.10.egg-info
[4.384s] running install_scripts
[4.480s] Installing detect_lane_offset script to /home/andy/turtlebot3_ws/install/turtlebot3_parking_mission/lib/turtlebot3_parking_mission
[4.482s] Installing parking_mission_node script to /home/andy/turtlebot3_ws/install/turtlebot3_parking_mission/lib/turtlebot3_parking_mission
[4.484s] writing list of installed files to '/home/andy/turtlebot3_ws/build/turtlebot3_parking_mission/install.log'
[4.619s] Invoked command in '/home/andy/turtlebot3_ws/src/turtlebot3_parking_mission' returned '0': PYTHONPATH=/home/andy/turtlebot3_ws/build/turtlebot3_parking_mission/prefix_override:/usr/lib/python3/dist-packages/colcon_core/task/python/colcon_distutils_commands:/home/andy/turtlebot3_ws/install/turtlebot3_parking_mission/lib/python3.10/site-packages:${PYTHONPATH} /usr/bin/python3 -W ignore:setup.py install is deprecated -W ignore:easy_install command is deprecated setup.py egg_info --egg-base ../../build/turtlebot3_parking_mission build --build-base /home/andy/turtlebot3_ws/build/turtlebot3_parking_mission/build install --record /home/andy/turtlebot3_ws/build/turtlebot3_parking_mission/install.log --single-version-externally-managed install_data
