[0.028s] Invoking command in '/home/rokey/turtlebot3_ws/build/turtlebot3_description': CMAKE_PREFIX_PATH=/opt/ros/humble /usr/bin/cmake /home/rokey/turtlebot3_ws/src/turtlebot3/turtlebot3_description -DAMENT_CMAKE_SYMLINK_INSTALL=1 -DCMAKE_INSTALL_PREFIX=/home/rokey/turtlebot3_ws/install/turtlebot3_description
[0.156s] -- The C compiler identification is GNU 11.4.0
[0.301s] -- The CXX compiler identification is GNU 11.4.0
[0.312s] -- Detecting C compiler ABI info
[0.420s] -- Detecting C compiler ABI info - done
[0.437s] -- Check for working C compiler: /usr/bin/cc - skipped
[0.437s] -- Detecting C compile features
[0.438s] -- Detecting C compile features - done
[0.444s] -- Detecting CXX compiler ABI info
[0.552s] -- Detecting CXX compiler ABI info - done
[0.568s] -- Check for working CXX compiler: /usr/bin/c++ - skipped
[0.568s] -- Detecting CXX compile features
[0.569s] -- Detecting CXX compile features - done
[0.573s] -- Found ament_cmake: 1.3.11 (/opt/ros/humble/share/ament_cmake/cmake)
[1.658s] -- Found Python3: /usr/bin/python3 (found version "3.10.12") found components: Interpreter 
[1.771s] -- Override CMake install command with custom implementation using symlinks instead of copying resources
[1.844s] -- Found urdf: 2.6.1 (/opt/ros/humble/share/urdf/cmake)
[2.042s] -- Configuring done
[2.046s] -- Generating done
[2.052s] -- Build files have been written to: /home/rokey/turtlebot3_ws/build/turtlebot3_description
[2.058s] Invoked command in '/home/rokey/turtlebot3_ws/build/turtlebot3_description' returned '0': CMAKE_PREFIX_PATH=/opt/ros/humble /usr/bin/cmake /home/rokey/turtlebot3_ws/src/turtlebot3/turtlebot3_description -DAMENT_CMAKE_SYMLINK_INSTALL=1 -DCMAKE_INSTALL_PREFIX=/home/rokey/turtlebot3_ws/install/turtlebot3_description
[2.060s] Invoking command in '/home/rokey/turtlebot3_ws/build/turtlebot3_description': CMAKE_PREFIX_PATH=/opt/ros/humble /usr/bin/cmake --build /home/rokey/turtlebot3_ws/build/turtlebot3_description -- -j8 -l8
[2.115s] Invoked command in '/home/rokey/turtlebot3_ws/build/turtlebot3_description' returned '0': CMAKE_PREFIX_PATH=/opt/ros/humble /usr/bin/cmake --build /home/rokey/turtlebot3_ws/build/turtlebot3_description -- -j8 -l8
[2.127s] Invoking command in '/home/rokey/turtlebot3_ws/build/turtlebot3_description': CMAKE_PREFIX_PATH=/opt/ros/humble /usr/bin/cmake --install /home/rokey/turtlebot3_ws/build/turtlebot3_description
[2.141s] -- Install configuration: ""
[2.141s] -- Execute custom install script
[2.141s] -- Symlinking: /home/rokey/turtlebot3_ws/install/turtlebot3_description/share/turtlebot3_description/meshes/bases/burger_base.stl
[2.148s] -- Symlinking: /home/rokey/turtlebot3_ws/install/turtlebot3_description/share/turtlebot3_description/meshes/bases/waffle_base.stl
[2.158s] -- Symlinking: /home/rokey/turtlebot3_ws/install/turtlebot3_description/share/turtlebot3_description/meshes/bases/waffle_pi_base.stl
[2.166s] -- Symlinking: /home/rokey/turtlebot3_ws/install/turtlebot3_description/share/turtlebot3_description/meshes/sensors/astra.dae
[2.175s] -- Symlinking: /home/rokey/turtlebot3_ws/install/turtlebot3_description/share/turtlebot3_description/meshes/sensors/astra.jpg
[2.185s] -- Symlinking: /home/rokey/turtlebot3_ws/install/turtlebot3_description/share/turtlebot3_description/meshes/sensors/lds.stl
[2.197s] -- Symlinking: /home/rokey/turtlebot3_ws/install/turtlebot3_description/share/turtlebot3_description/meshes/sensors/r200.dae
[2.208s] -- Symlinking: /home/rokey/turtlebot3_ws/install/turtlebot3_description/share/turtlebot3_description/meshes/sensors/r200.jpg
[2.221s] -- Symlinking: /home/rokey/turtlebot3_ws/install/turtlebot3_description/share/turtlebot3_description/meshes/wheels/left_tire.stl
[2.232s] -- Symlinking: /home/rokey/turtlebot3_ws/install/turtlebot3_description/share/turtlebot3_description/meshes/wheels/right_tire.stl
[2.242s] -- Symlinking: /home/rokey/turtlebot3_ws/install/turtlebot3_description/share/turtlebot3_description/rviz/model.rviz
[2.254s] -- Symlinking: /home/rokey/turtlebot3_ws/install/turtlebot3_description/share/turtlebot3_description/urdf/common_properties.urdf
[2.265s] -- Symlinking: /home/rokey/turtlebot3_ws/install/turtlebot3_description/share/turtlebot3_description/urdf/turtlebot3_burger.urdf
[2.276s] -- Symlinking: /home/rokey/turtlebot3_ws/install/turtlebot3_description/share/turtlebot3_description/urdf/turtlebot3_waffle.urdf
[2.285s] -- Symlinking: /home/rokey/turtlebot3_ws/install/turtlebot3_description/share/turtlebot3_description/urdf/turtlebot3_waffle_pi.urdf
[2.297s] -- Symlinking: /home/rokey/turtlebot3_ws/install/turtlebot3_description/share/ament_index/resource_index/package_run_dependencies/turtlebot3_description
[2.308s] -- Symlinking: /home/rokey/turtlebot3_ws/install/turtlebot3_description/share/ament_index/resource_index/parent_prefix_path/turtlebot3_description
[2.321s] -- Symlinking: /home/rokey/turtlebot3_ws/install/turtlebot3_description/share/turtlebot3_description/environment/ament_prefix_path.sh
[2.347s] -- Symlinking: /home/rokey/turtlebot3_ws/install/turtlebot3_description/share/turtlebot3_description/environment/ament_prefix_path.dsv
[2.367s] -- Symlinking: /home/rokey/turtlebot3_ws/install/turtlebot3_description/share/turtlebot3_description/environment/path.sh
[2.395s] -- Symlinking: /home/rokey/turtlebot3_ws/install/turtlebot3_description/share/turtlebot3_description/environment/path.dsv
[2.414s] -- Symlinking: /home/rokey/turtlebot3_ws/install/turtlebot3_description/share/turtlebot3_description/local_setup.bash
[2.441s] -- Symlinking: /home/rokey/turtlebot3_ws/install/turtlebot3_description/share/turtlebot3_description/local_setup.sh
[2.464s] -- Symlinking: /home/rokey/turtlebot3_ws/install/turtlebot3_description/share/turtlebot3_description/local_setup.zsh
[2.494s] -- Symlinking: /home/rokey/turtlebot3_ws/install/turtlebot3_description/share/turtlebot3_description/local_setup.dsv
[2.515s] -- Symlinking: /home/rokey/turtlebot3_ws/install/turtlebot3_description/share/turtlebot3_description/package.dsv
[2.540s] -- Symlinking: /home/rokey/turtlebot3_ws/install/turtlebot3_description/share/ament_index/resource_index/packages/turtlebot3_description
[2.567s] -- Symlinking: /home/rokey/turtlebot3_ws/install/turtlebot3_description/share/turtlebot3_description/cmake/turtlebot3_descriptionConfig.cmake
[2.593s] -- Symlinking: /home/rokey/turtlebot3_ws/install/turtlebot3_description/share/turtlebot3_description/cmake/turtlebot3_descriptionConfig-version.cmake
[2.618s] -- Symlinking: /home/rokey/turtlebot3_ws/install/turtlebot3_description/share/turtlebot3_description/package.xml
[2.642s] Invoked command in '/home/rokey/turtlebot3_ws/build/turtlebot3_description' returned '0': CMAKE_PREFIX_PATH=/opt/ros/humble /usr/bin/cmake --install /home/rokey/turtlebot3_ws/build/turtlebot3_description
