[3.240s] Invoking command in '/home/andy/turtlebot3_ws/src/turtlebot3_parking_mission': PYTHONPATH=/home/andy/turtlebot3_ws/build/turtlebot3_parking_mission/prefix_override:/usr/lib/python3/dist-packages/colcon_core/task/python/colcon_distutils_commands:/home/andy/turtlebot3_ws/install/turtlebot3_parking_mission/lib/python3.10/site-packages:${PYTHONPATH} /usr/bin/python3 -W ignore:setup.py install is deprecated -W ignore:easy_install command is deprecated setup.py egg_info --egg-base ../../build/turtlebot3_parking_mission build --build-base /home/andy/turtlebot3_ws/build/turtlebot3_parking_mission/build install --record /home/andy/turtlebot3_ws/build/turtlebot3_parking_mission/install.log --single-version-externally-managed install_data
[4.615s] running egg_info
[4.618s] writing ../../build/turtlebot3_parking_mission/turtlebot3_parking_mission.egg-info/PKG-INFO
[4.619s] writing dependency_links to ../../build/turtlebot3_parking_mission/turtlebot3_parking_mission.egg-info/dependency_links.txt
[4.619s] writing entry points to ../../build/turtlebot3_parking_mission/turtlebot3_parking_mission.egg-info/entry_points.txt
[4.620s] writing requirements to ../../build/turtlebot3_parking_mission/turtlebot3_parking_mission.egg-info/requires.txt
[4.620s] writing top-level names to ../../build/turtlebot3_parking_mission/turtlebot3_parking_mission.egg-info/top_level.txt
[4.627s] reading manifest file '../../build/turtlebot3_parking_mission/turtlebot3_parking_mission.egg-info/SOURCES.txt'
[4.631s] writing manifest file '../../build/turtlebot3_parking_mission/turtlebot3_parking_mission.egg-info/SOURCES.txt'
[4.637s] running build
[4.637s] running build_py
[4.637s] copying turtlebot3_parking_mission/parking_mission_node.py -> /home/andy/turtlebot3_ws/build/turtlebot3_parking_mission/build/lib/turtlebot3_parking_mission
[4.638s] running install
[4.638s] running install_lib
[4.640s] copying /home/andy/turtlebot3_ws/build/turtlebot3_parking_mission/build/lib/turtlebot3_parking_mission/parking_mission_node.py -> /home/andy/turtlebot3_ws/install/turtlebot3_parking_mission/lib/python3.10/site-packages/turtlebot3_parking_mission
[4.643s] byte-compiling /home/andy/turtlebot3_ws/install/turtlebot3_parking_mission/lib/python3.10/site-packages/turtlebot3_parking_mission/parking_mission_node.py to parking_mission_node.cpython-310.pyc
[4.648s] running install_data
[4.649s] running install_egg_info
[4.654s] removing '/home/andy/turtlebot3_ws/install/turtlebot3_parking_mission/lib/python3.10/site-packages/turtlebot3_parking_mission-0.0.0-py3.10.egg-info' (and everything under it)
[4.656s] Copying ../../build/turtlebot3_parking_mission/turtlebot3_parking_mission.egg-info to /home/andy/turtlebot3_ws/install/turtlebot3_parking_mission/lib/python3.10/site-packages/turtlebot3_parking_mission-0.0.0-py3.10.egg-info
[4.659s] running install_scripts
[4.737s] Installing detect_lane_offset script to /home/andy/turtlebot3_ws/install/turtlebot3_parking_mission/lib/turtlebot3_parking_mission
[4.738s] Installing parking_mission_node script to /home/andy/turtlebot3_ws/install/turtlebot3_parking_mission/lib/turtlebot3_parking_mission
[4.738s] writing list of installed files to '/home/andy/turtlebot3_ws/build/turtlebot3_parking_mission/install.log'
[4.886s] Invoked command in '/home/andy/turtlebot3_ws/src/turtlebot3_parking_mission' returned '0': PYTHONPATH=/home/andy/turtlebot3_ws/build/turtlebot3_parking_mission/prefix_override:/usr/lib/python3/dist-packages/colcon_core/task/python/colcon_distutils_commands:/home/andy/turtlebot3_ws/install/turtlebot3_parking_mission/lib/python3.10/site-packages:${PYTHONPATH} /usr/bin/python3 -W ignore:setup.py install is deprecated -W ignore:easy_install command is deprecated setup.py egg_info --egg-base ../../build/turtlebot3_parking_mission build --build-base /home/andy/turtlebot3_ws/build/turtlebot3_parking_mission/build install --record /home/andy/turtlebot3_ws/build/turtlebot3_parking_mission/install.log --single-version-externally-managed install_data
