[3.595s] Invoking command in '/home/andy/turtlebot3_ws/build/turtlebot3_autorace_mission': PYTHONPATH=/home/andy/turtlebot3_ws/build/turtlebot3_autorace_mission/prefix_override:/usr/lib/python3/dist-packages/colcon_core/task/python/colcon_distutils_commands:/home/andy/turtlebot3_ws/install/turtlebot3_autorace_mission/lib/python3.10/site-packages:${PYTHONPATH} /usr/bin/python3 -W ignore:setup.py install is deprecated -W ignore:easy_install command is deprecated setup.py develop --uninstall --editable --build-directory /home/andy/turtlebot3_ws/build/turtlebot3_autorace_mission/build
[4.827s] running develop
[5.602s] Removing /home/andy/turtlebot3_ws/install/turtlebot3_autorace_mission/lib/python3.10/site-packages/turtlebot3-autorace-mission.egg-link (link to .)
[5.760s] Invoked command in '/home/andy/turtlebot3_ws/build/turtlebot3_autorace_mission' returned '0': PYTHONPATH=/home/andy/turtlebot3_ws/build/turtlebot3_autorace_mission/prefix_override:/usr/lib/python3/dist-packages/colcon_core/task/python/colcon_distutils_commands:/home/andy/turtlebot3_ws/install/turtlebot3_autorace_mission/lib/python3.10/site-packages:${PYTHONPATH} /usr/bin/python3 -W ignore:setup.py install is deprecated -W ignore:easy_install command is deprecated setup.py develop --uninstall --editable --build-directory /home/andy/turtlebot3_ws/build/turtlebot3_autorace_mission/build
[5.762s] Invoking command in '/home/andy/turtlebot3_ws/src/turtlebot3_autorace/turtlebot3_autorace_mission': PYTHONPATH=/home/andy/turtlebot3_ws/build/turtlebot3_autorace_mission/prefix_override:/usr/lib/python3/dist-packages/colcon_core/task/python/colcon_distutils_commands:/home/andy/turtlebot3_ws/install/turtlebot3_autorace_mission/lib/python3.10/site-packages:${PYTHONPATH} /usr/bin/python3 -W ignore:setup.py install is deprecated -W ignore:easy_install command is deprecated setup.py egg_info --egg-base ../../../build/turtlebot3_autorace_mission build --build-base /home/andy/turtlebot3_ws/build/turtlebot3_autorace_mission/build install --record /home/andy/turtlebot3_ws/build/turtlebot3_autorace_mission/install.log --single-version-externally-managed install_data --force
[6.941s] running egg_info
[6.944s] writing ../../../build/turtlebot3_autorace_mission/turtlebot3_autorace_mission.egg-info/PKG-INFO
[6.945s] writing dependency_links to ../../../build/turtlebot3_autorace_mission/turtlebot3_autorace_mission.egg-info/dependency_links.txt
[6.945s] writing entry points to ../../../build/turtlebot3_autorace_mission/turtlebot3_autorace_mission.egg-info/entry_points.txt
[6.946s] writing requirements to ../../../build/turtlebot3_autorace_mission/turtlebot3_autorace_mission.egg-info/requires.txt
[6.946s] writing top-level names to ../../../build/turtlebot3_autorace_mission/turtlebot3_autorace_mission.egg-info/top_level.txt
[6.954s] reading manifest file '../../../build/turtlebot3_autorace_mission/turtlebot3_autorace_mission.egg-info/SOURCES.txt'
[6.959s] writing manifest file '../../../build/turtlebot3_autorace_mission/turtlebot3_autorace_mission.egg-info/SOURCES.txt'
[6.960s] running build
[6.960s] running build_py
[6.960s] creating /home/andy/turtlebot3_ws/build/turtlebot3_autorace_mission/build
[6.961s] creating /home/andy/turtlebot3_ws/build/turtlebot3_autorace_mission/build/lib
[6.961s] creating /home/andy/turtlebot3_ws/build/turtlebot3_autorace_mission/build/lib/turtlebot3_autorace_mission
[6.962s] copying turtlebot3_autorace_mission/mission_tunnel.py -> /home/andy/turtlebot3_ws/build/turtlebot3_autorace_mission/build/lib/turtlebot3_autorace_mission
[6.962s] copying turtlebot3_autorace_mission/control_lane.py -> /home/andy/turtlebot3_ws/build/turtlebot3_autorace_mission/build/lib/turtlebot3_autorace_mission
[6.963s] copying turtlebot3_autorace_mission/__init__.py -> /home/andy/turtlebot3_ws/build/turtlebot3_autorace_mission/build/lib/turtlebot3_autorace_mission
[6.963s] copying turtlebot3_autorace_mission/avoid_construction.py -> /home/andy/turtlebot3_ws/build/turtlebot3_autorace_mission/build/lib/turtlebot3_autorace_mission
[6.964s] copying turtlebot3_autorace_mission/detect_line_shape_node.py -> /home/andy/turtlebot3_ws/build/turtlebot3_autorace_mission/build/lib/turtlebot3_autorace_mission
[6.964s] running install
[6.966s] running install_lib
[6.968s] creating /home/andy/turtlebot3_ws/install/turtlebot3_autorace_mission/lib/python3.10/site-packages/turtlebot3_autorace_mission
[6.969s] copying /home/andy/turtlebot3_ws/build/turtlebot3_autorace_mission/build/lib/turtlebot3_autorace_mission/mission_tunnel.py -> /home/andy/turtlebot3_ws/install/turtlebot3_autorace_mission/lib/python3.10/site-packages/turtlebot3_autorace_mission
[6.969s] copying /home/andy/turtlebot3_ws/build/turtlebot3_autorace_mission/build/lib/turtlebot3_autorace_mission/control_lane.py -> /home/andy/turtlebot3_ws/install/turtlebot3_autorace_mission/lib/python3.10/site-packages/turtlebot3_autorace_mission
[6.969s] copying /home/andy/turtlebot3_ws/build/turtlebot3_autorace_mission/build/lib/turtlebot3_autorace_mission/__init__.py -> /home/andy/turtlebot3_ws/install/turtlebot3_autorace_mission/lib/python3.10/site-packages/turtlebot3_autorace_mission
[6.970s] copying /home/andy/turtlebot3_ws/build/turtlebot3_autorace_mission/build/lib/turtlebot3_autorace_mission/avoid_construction.py -> /home/andy/turtlebot3_ws/install/turtlebot3_autorace_mission/lib/python3.10/site-packages/turtlebot3_autorace_mission
[6.970s] copying /home/andy/turtlebot3_ws/build/turtlebot3_autorace_mission/build/lib/turtlebot3_autorace_mission/detect_line_shape_node.py -> /home/andy/turtlebot3_ws/install/turtlebot3_autorace_mission/lib/python3.10/site-packages/turtlebot3_autorace_mission
[6.974s] byte-compiling /home/andy/turtlebot3_ws/install/turtlebot3_autorace_mission/lib/python3.10/site-packages/turtlebot3_autorace_mission/mission_tunnel.py to mission_tunnel.cpython-310.pyc
[6.983s] byte-compiling /home/andy/turtlebot3_ws/install/turtlebot3_autorace_mission/lib/python3.10/site-packages/turtlebot3_autorace_mission/control_lane.py to control_lane.cpython-310.pyc
[6.985s] byte-compiling /home/andy/turtlebot3_ws/install/turtlebot3_autorace_mission/lib/python3.10/site-packages/turtlebot3_autorace_mission/__init__.py to __init__.cpython-310.pyc
[6.985s] byte-compiling /home/andy/turtlebot3_ws/install/turtlebot3_autorace_mission/lib/python3.10/site-packages/turtlebot3_autorace_mission/avoid_construction.py to avoid_construction.cpython-310.pyc
[6.997s] byte-compiling /home/andy/turtlebot3_ws/install/turtlebot3_autorace_mission/lib/python3.10/site-packages/turtlebot3_autorace_mission/detect_line_shape_node.py to detect_line_shape_node.cpython-310.pyc
[7.003s] running install_data
[7.004s] copying resource/turtlebot3_autorace_mission -> /home/andy/turtlebot3_ws/install/turtlebot3_autorace_mission/share/ament_index/resource_index/packages
[7.004s] copying package.xml -> /home/andy/turtlebot3_ws/install/turtlebot3_autorace_mission/share/turtlebot3_autorace_mission
[7.004s] copying launch/mission_tunnel.launch.py -> /home/andy/turtlebot3_ws/install/turtlebot3_autorace_mission/share/turtlebot3_autorace_mission/launch
[7.005s] copying launch/control_lane.launch.py -> /home/andy/turtlebot3_ws/install/turtlebot3_autorace_mission/share/turtlebot3_autorace_mission/launch
[7.005s] copying launch/mission_construction.launch.py -> /home/andy/turtlebot3_ws/install/turtlebot3_autorace_mission/share/turtlebot3_autorace_mission/launch
[7.005s] copying param/navigation.yaml -> /home/andy/turtlebot3_ws/install/turtlebot3_autorace_mission/share/turtlebot3_autorace_mission/param
[7.006s] copying map/map.pgm -> /home/andy/turtlebot3_ws/install/turtlebot3_autorace_mission/share/turtlebot3_autorace_mission/map
[7.006s] copying map/map.yaml -> /home/andy/turtlebot3_ws/install/turtlebot3_autorace_mission/share/turtlebot3_autorace_mission/map
[7.006s] running install_egg_info
[7.011s] Copying ../../../build/turtlebot3_autorace_mission/turtlebot3_autorace_mission.egg-info to /home/andy/turtlebot3_ws/install/turtlebot3_autorace_mission/lib/python3.10/site-packages/turtlebot3_autorace_mission-1.2.2-py3.10.egg-info
[7.014s] running install_scripts
[7.094s] Installing avoid_construction script to /home/andy/turtlebot3_ws/install/turtlebot3_autorace_mission/lib/turtlebot3_autorace_mission
[7.094s] Installing control_lane script to /home/andy/turtlebot3_ws/install/turtlebot3_autorace_mission/lib/turtlebot3_autorace_mission
[7.095s] Installing detect_line_shape_node script to /home/andy/turtlebot3_ws/install/turtlebot3_autorace_mission/lib/turtlebot3_autorace_mission
[7.095s] Installing mission_tunnel script to /home/andy/turtlebot3_ws/install/turtlebot3_autorace_mission/lib/turtlebot3_autorace_mission
[7.096s] writing list of installed files to '/home/andy/turtlebot3_ws/build/turtlebot3_autorace_mission/install.log'
[7.238s] Invoked command in '/home/andy/turtlebot3_ws/src/turtlebot3_autorace/turtlebot3_autorace_mission' returned '0': PYTHONPATH=/home/andy/turtlebot3_ws/build/turtlebot3_autorace_mission/prefix_override:/usr/lib/python3/dist-packages/colcon_core/task/python/colcon_distutils_commands:/home/andy/turtlebot3_ws/install/turtlebot3_autorace_mission/lib/python3.10/site-packages:${PYTHONPATH} /usr/bin/python3 -W ignore:setup.py install is deprecated -W ignore:easy_install command is deprecated setup.py egg_info --egg-base ../../../build/turtlebot3_autorace_mission build --build-base /home/andy/turtlebot3_ws/build/turtlebot3_autorace_mission/build install --record /home/andy/turtlebot3_ws/build/turtlebot3_autorace_mission/install.log --single-version-externally-managed install_data --force
