/home/andy/turtlebot3_ws/install/turtlebot3_autorace_mission/lib/python3.10/site-packages/turtlebot3_autorace_mission/mission_tunnel.py
/home/andy/turtlebot3_ws/install/turtlebot3_autorace_mission/lib/python3.10/site-packages/turtlebot3_autorace_mission/control_lane.py
/home/andy/turtlebot3_ws/install/turtlebot3_autorace_mission/lib/python3.10/site-packages/turtlebot3_autorace_mission/__init__.py
/home/andy/turtlebot3_ws/install/turtlebot3_autorace_mission/lib/python3.10/site-packages/turtlebot3_autorace_mission/avoid_construction.py
/home/andy/turtlebot3_ws/install/turtlebot3_autorace_mission/lib/python3.10/site-packages/turtlebot3_autorace_mission/detect_line_shape_node.py
/home/andy/turtlebot3_ws/install/turtlebot3_autorace_mission/lib/python3.10/site-packages/turtlebot3_autorace_mission/__pycache__/mission_tunnel.cpython-310.pyc
/home/andy/turtlebot3_ws/install/turtlebot3_autorace_mission/lib/python3.10/site-packages/turtlebot3_autorace_mission/__pycache__/control_lane.cpython-310.pyc
/home/andy/turtlebot3_ws/install/turtlebot3_autorace_mission/lib/python3.10/site-packages/turtlebot3_autorace_mission/__pycache__/__init__.cpython-310.pyc
/home/andy/turtlebot3_ws/install/turtlebot3_autorace_mission/lib/python3.10/site-packages/turtlebot3_autorace_mission/__pycache__/avoid_construction.cpython-310.pyc
/home/andy/turtlebot3_ws/install/turtlebot3_autorace_mission/lib/python3.10/site-packages/turtlebot3_autorace_mission/__pycache__/detect_line_shape_node.cpython-310.pyc
/home/andy/turtlebot3_ws/install/turtlebot3_autorace_mission/share/ament_index/resource_index/packages/turtlebot3_autorace_mission
/home/andy/turtlebot3_ws/install/turtlebot3_autorace_mission/share/turtlebot3_autorace_mission/package.xml
/home/andy/turtlebot3_ws/install/turtlebot3_autorace_mission/share/turtlebot3_autorace_mission/launch/mission_tunnel.launch.py
/home/andy/turtlebot3_ws/install/turtlebot3_autorace_mission/share/turtlebot3_autorace_mission/launch/control_lane.launch.py
/home/andy/turtlebot3_ws/install/turtlebot3_autorace_mission/share/turtlebot3_autorace_mission/launch/mission_construction.launch.py
/home/andy/turtlebot3_ws/install/turtlebot3_autorace_mission/share/turtlebot3_autorace_mission/param/navigation.yaml
/home/andy/turtlebot3_ws/install/turtlebot3_autorace_mission/share/turtlebot3_autorace_mission/map/map.pgm
/home/andy/turtlebot3_ws/install/turtlebot3_autorace_mission/share/turtlebot3_autorace_mission/map/map.yaml
/home/andy/turtlebot3_ws/install/turtlebot3_autorace_mission/lib/python3.10/site-packages/turtlebot3_autorace_mission-1.2.2-py3.10.egg-info/SOURCES.txt
/home/andy/turtlebot3_ws/install/turtlebot3_autorace_mission/lib/python3.10/site-packages/turtlebot3_autorace_mission-1.2.2-py3.10.egg-info/requires.txt
/home/andy/turtlebot3_ws/install/turtlebot3_autorace_mission/lib/python3.10/site-packages/turtlebot3_autorace_mission-1.2.2-py3.10.egg-info/dependency_links.txt
/home/andy/turtlebot3_ws/install/turtlebot3_autorace_mission/lib/python3.10/site-packages/turtlebot3_autorace_mission-1.2.2-py3.10.egg-info/PKG-INFO
/home/andy/turtlebot3_ws/install/turtlebot3_autorace_mission/lib/python3.10/site-packages/turtlebot3_autorace_mission-1.2.2-py3.10.egg-info/entry_points.txt
/home/andy/turtlebot3_ws/install/turtlebot3_autorace_mission/lib/python3.10/site-packages/turtlebot3_autorace_mission-1.2.2-py3.10.egg-info/top_level.txt
/home/andy/turtlebot3_ws/install/turtlebot3_autorace_mission/lib/python3.10/site-packages/turtlebot3_autorace_mission-1.2.2-py3.10.egg-info/zip-safe
/home/andy/turtlebot3_ws/install/turtlebot3_autorace_mission/lib/turtlebot3_autorace_mission/avoid_construction
/home/andy/turtlebot3_ws/install/turtlebot3_autorace_mission/lib/turtlebot3_autorace_mission/control_lane
/home/andy/turtlebot3_ws/install/turtlebot3_autorace_mission/lib/turtlebot3_autorace_mission/detect_line_shape_node
/home/andy/turtlebot3_ws/install/turtlebot3_autorace_mission/lib/turtlebot3_autorace_mission/mission_tunnel
