[0.011s] Invoking command in '/home/rokey/turtlebot3_ws/build/turtlebot3_node': AMENT_PREFIX_PATH=/home/rokey/turtlebot3_ws/install/turtlebot3_msgs:/home/rokey/turtlebot3_ws/install/dynamixel_sdk:${AMENT_PREFIX_PATH} CMAKE_PREFIX_PATH=/home/rokey/turtlebot3_ws/install/turtlebot3_msgs:/home/rokey/turtlebot3_ws/install/dynamixel_sdk:/opt/ros/humble LD_LIBRARY_PATH=/home/rokey/turtlebot3_ws/install/turtlebot3_msgs/lib:/home/rokey/turtlebot3_ws/install/dynamixel_sdk/lib:/opt/ros/humble/opt/rviz_ogre_vendor/lib:/opt/ros/humble/lib/x86_64-linux-gnu:/opt/ros/humble/lib:/usr/lib/x86_64-linux-gnu/gazebo-11/plugins:/usr/lib/x86_64-linux-gnu/gazebo-11/plugins:/home/rokey/{your_ws}/build/turtlebot3_gazebo:/home/rokey/turtlebot_ws/build/turtlebot3_gazebo:/usr/lib/x86_64-linux-gnu/gazebo-11/plugins:/usr/lib/x86_64-linux-gnu/gazebo-11/plugins:/home/rokey/turtlebot3_ws/build/turtlebot3_gazebo:/home/rokey/{your_ws}/build/turtlebot3_gazebo:/home/rokey/turtlebot_ws/build/turtlebot3_gazebo:/usr/lib/x86_64-linux-gnu/gazebo-11/plugins:/home/rokey/{your_ws}/build/turtlebot3_gazebo:/home/rokey/turtlebot_ws/build/turtlebot3_gazebo:/usr/lib/x86_64-linux-gnu/gazebo-11/plugins PYTHONPATH=/home/rokey/turtlebot3_ws/install/turtlebot3_msgs/local/lib/python3.10/dist-packages:/home/rokey/turtlebot3_ws/install/dynamixel_sdk/local/lib/python3.10/dist-packages:${PYTHONPATH} /usr/bin/cmake /home/rokey/turtlebot3_ws/src/turtlebot3/turtlebot3_node -DAMENT_CMAKE_SYMLINK_INSTALL=1 -DCMAKE_INSTALL_PREFIX=/home/rokey/turtlebot3_ws/install/turtlebot3_node
[0.058s] -- The C compiler identification is GNU 11.4.0
[0.110s] -- The CXX compiler identification is GNU 11.4.0
[0.117s] -- Detecting C compiler ABI info
[0.176s] -- Detecting C compiler ABI info - done
[0.184s] -- Check for working C compiler: /usr/bin/cc - skipped
[0.184s] -- Detecting C compile features
[0.184s] -- Detecting C compile features - done
[0.188s] -- Detecting CXX compiler ABI info
[0.261s] -- Detecting CXX compiler ABI info - done
[0.276s] -- Check for working CXX compiler: /usr/bin/c++ - skipped
[0.276s] -- Detecting CXX compile features
[0.277s] -- Detecting CXX compile features - done
[0.281s] -- Found ament_cmake: 1.3.11 (/opt/ros/humble/share/ament_cmake/cmake)
[1.088s] -- Found Python3: /usr/bin/python3 (found version "3.10.12") found components: Interpreter 
[1.159s] -- Override CMake install command with custom implementation using symlinks instead of copying resources
[1.201s] -- Found dynamixel_sdk: 3.8.4 (/home/rokey/turtlebot3_ws/install/dynamixel_sdk/share/dynamixel_sdk/cmake)
[1.204s] -- Found geometry_msgs: 4.8.0 (/opt/ros/humble/share/geometry_msgs/cmake)
[1.252s] -- Found rosidl_generator_c: 3.1.6 (/opt/ros/humble/share/rosidl_generator_c/cmake)
[1.259s] -- Found rosidl_adapter: 3.1.6 (/opt/ros/humble/share/rosidl_adapter/cmake)
[1.268s] -- Found rosidl_generator_cpp: 3.1.6 (/opt/ros/humble/share/rosidl_generator_cpp/cmake)
[1.283s] -- Using all available rosidl_typesupport_c: rosidl_typesupport_fastrtps_c;rosidl_typesupport_introspection_c
[1.302s] -- Using all available rosidl_typesupport_cpp: rosidl_typesupport_fastrtps_cpp;rosidl_typesupport_introspection_cpp
[1.347s] -- Found message_filters: 4.3.7 (/opt/ros/humble/share/message_filters/cmake)
[1.396s] -- Found rmw_implementation_cmake: 6.1.2 (/opt/ros/humble/share/rmw_implementation_cmake/cmake)
[1.399s] -- Found rmw_fastrtps_cpp: 6.2.7 (/opt/ros/humble/share/rmw_fastrtps_cpp/cmake)
[1.482s] -- Found OpenSSL: /usr/lib/x86_64-linux-gnu/libcrypto.so (found version "3.0.2")  
[1.511s] -- Found FastRTPS: /opt/ros/humble/include  
[1.553s] -- Using RMW implementation 'rmw_fastrtps_cpp' as default
[1.563s] -- Looking for pthread.h
[1.627s] -- Looking for pthread.h - found
[1.627s] -- Performing Test CMAKE_HAVE_LIBC_PTHREAD
[1.693s] -- Performing Test CMAKE_HAVE_LIBC_PTHREAD - Success
[1.695s] -- Found Threads: TRUE  
[1.741s] -- Found nav_msgs: 4.8.0 (/opt/ros/humble/share/nav_msgs/cmake)
[1.765s] -- Found sensor_msgs: 4.8.0 (/opt/ros/humble/share/sensor_msgs/cmake)
[1.790s] -- Found std_srvs: 4.8.0 (/opt/ros/humble/share/std_srvs/cmake)
[1.808s] -- Found tf2: 0.25.13 (/opt/ros/humble/share/tf2/cmake)
[1.821s] -- Found tf2_ros: 0.25.13 (/opt/ros/humble/share/tf2_ros/cmake)
[1.930s] -- Found turtlebot3_msgs: 2.4.0 (/home/rokey/turtlebot3_ws/install/turtlebot3_msgs/share/turtlebot3_msgs/cmake)
[2.027s] -- Configuring done
[2.051s] -- Generating done
[2.057s] -- Build files have been written to: /home/rokey/turtlebot3_ws/build/turtlebot3_node
[2.067s] Invoked command in '/home/rokey/turtlebot3_ws/build/turtlebot3_node' returned '0': AMENT_PREFIX_PATH=/home/rokey/turtlebot3_ws/install/turtlebot3_msgs:/home/rokey/turtlebot3_ws/install/dynamixel_sdk:${AMENT_PREFIX_PATH} CMAKE_PREFIX_PATH=/home/rokey/turtlebot3_ws/install/turtlebot3_msgs:/home/rokey/turtlebot3_ws/install/dynamixel_sdk:/opt/ros/humble LD_LIBRARY_PATH=/home/rokey/turtlebot3_ws/install/turtlebot3_msgs/lib:/home/rokey/turtlebot3_ws/install/dynamixel_sdk/lib:/opt/ros/humble/opt/rviz_ogre_vendor/lib:/opt/ros/humble/lib/x86_64-linux-gnu:/opt/ros/humble/lib:/usr/lib/x86_64-linux-gnu/gazebo-11/plugins:/usr/lib/x86_64-linux-gnu/gazebo-11/plugins:/home/rokey/{your_ws}/build/turtlebot3_gazebo:/home/rokey/turtlebot_ws/build/turtlebot3_gazebo:/usr/lib/x86_64-linux-gnu/gazebo-11/plugins:/usr/lib/x86_64-linux-gnu/gazebo-11/plugins:/home/rokey/turtlebot3_ws/build/turtlebot3_gazebo:/home/rokey/{your_ws}/build/turtlebot3_gazebo:/home/rokey/turtlebot_ws/build/turtlebot3_gazebo:/usr/lib/x86_64-linux-gnu/gazebo-11/plugins:/home/rokey/{your_ws}/build/turtlebot3_gazebo:/home/rokey/turtlebot_ws/build/turtlebot3_gazebo:/usr/lib/x86_64-linux-gnu/gazebo-11/plugins PYTHONPATH=/home/rokey/turtlebot3_ws/install/turtlebot3_msgs/local/lib/python3.10/dist-packages:/home/rokey/turtlebot3_ws/install/dynamixel_sdk/local/lib/python3.10/dist-packages:${PYTHONPATH} /usr/bin/cmake /home/rokey/turtlebot3_ws/src/turtlebot3/turtlebot3_node -DAMENT_CMAKE_SYMLINK_INSTALL=1 -DCMAKE_INSTALL_PREFIX=/home/rokey/turtlebot3_ws/install/turtlebot3_node
[2.068s] Invoking command in '/home/rokey/turtlebot3_ws/build/turtlebot3_node': AMENT_PREFIX_PATH=/home/rokey/turtlebot3_ws/install/turtlebot3_msgs:/home/rokey/turtlebot3_ws/install/dynamixel_sdk:${AMENT_PREFIX_PATH} CMAKE_PREFIX_PATH=/home/rokey/turtlebot3_ws/install/turtlebot3_msgs:/home/rokey/turtlebot3_ws/install/dynamixel_sdk:/opt/ros/humble LD_LIBRARY_PATH=/home/rokey/turtlebot3_ws/install/turtlebot3_msgs/lib:/home/rokey/turtlebot3_ws/install/dynamixel_sdk/lib:/opt/ros/humble/opt/rviz_ogre_vendor/lib:/opt/ros/humble/lib/x86_64-linux-gnu:/opt/ros/humble/lib:/usr/lib/x86_64-linux-gnu/gazebo-11/plugins:/usr/lib/x86_64-linux-gnu/gazebo-11/plugins:/home/rokey/{your_ws}/build/turtlebot3_gazebo:/home/rokey/turtlebot_ws/build/turtlebot3_gazebo:/usr/lib/x86_64-linux-gnu/gazebo-11/plugins:/usr/lib/x86_64-linux-gnu/gazebo-11/plugins:/home/rokey/turtlebot3_ws/build/turtlebot3_gazebo:/home/rokey/{your_ws}/build/turtlebot3_gazebo:/home/rokey/turtlebot_ws/build/turtlebot3_gazebo:/usr/lib/x86_64-linux-gnu/gazebo-11/plugins:/home/rokey/{your_ws}/build/turtlebot3_gazebo:/home/rokey/turtlebot_ws/build/turtlebot3_gazebo:/usr/lib/x86_64-linux-gnu/gazebo-11/plugins PYTHONPATH=/home/rokey/turtlebot3_ws/install/turtlebot3_msgs/local/lib/python3.10/dist-packages:/home/rokey/turtlebot3_ws/install/dynamixel_sdk/local/lib/python3.10/dist-packages:${PYTHONPATH} /usr/bin/cmake --build /home/rokey/turtlebot3_ws/build/turtlebot3_node -- -j8 -l8
[2.119s] [  7%] [32mBuilding CXX object CMakeFiles/turtlebot3_node_lib.dir/src/devices/reset.cpp.o[0m
[2.119s] [ 14%] [32mBuilding CXX object CMakeFiles/turtlebot3_node_lib.dir/src/dynamixel_sdk_wrapper.cpp.o[0m
[2.119s] [ 28%] [32mBuilding CXX object CMakeFiles/turtlebot3_node_lib.dir/src/diff_drive_controller.cpp.o[0m
[2.119s] [ 28%] [32mBuilding CXX object CMakeFiles/turtlebot3_node_lib.dir/src/devices/motor_power.cpp.o[0m
[2.122s] [ 35%] [32mBuilding CXX object CMakeFiles/turtlebot3_node_lib.dir/src/odometry.cpp.o[0m
[2.123s] [ 42%] [32mBuilding CXX object CMakeFiles/turtlebot3_node_lib.dir/src/devices/sound.cpp.o[0m
[2.124s] [ 50%] [32mBuilding CXX object CMakeFiles/turtlebot3_node_lib.dir/src/turtlebot3.cpp.o[0m
[2.129s] [ 57%] [32mBuilding CXX object CMakeFiles/turtlebot3_node_lib.dir/src/sensors/battery_state.cpp.o[0m
[3.097s] [ 64%] [32mBuilding CXX object CMakeFiles/turtlebot3_node_lib.dir/src/sensors/imu.cpp.o[0m
[8.425s] [ 71%] [32mBuilding CXX object CMakeFiles/turtlebot3_node_lib.dir/src/sensors/joint_state.cpp.o[0m
[8.716s] [ 78%] [32mBuilding CXX object CMakeFiles/turtlebot3_node_lib.dir/src/sensors/sensor_state.cpp.o[0m
[21.068s] [ 85%] [32m[1mLinking CXX static library libturtlebot3_node_lib.a[0m
[21.623s] [ 85%] Built target turtlebot3_node_lib
[21.640s] [ 92%] [32mBuilding CXX object CMakeFiles/turtlebot3_ros.dir/src/node_main.cpp.o[0m
[24.977s] [100%] [32m[1mLinking CXX executable turtlebot3_ros[0m
[27.100s] [100%] Built target turtlebot3_ros
[27.109s] Invoked command in '/home/rokey/turtlebot3_ws/build/turtlebot3_node' returned '0': AMENT_PREFIX_PATH=/home/rokey/turtlebot3_ws/install/turtlebot3_msgs:/home/rokey/turtlebot3_ws/install/dynamixel_sdk:${AMENT_PREFIX_PATH} CMAKE_PREFIX_PATH=/home/rokey/turtlebot3_ws/install/turtlebot3_msgs:/home/rokey/turtlebot3_ws/install/dynamixel_sdk:/opt/ros/humble LD_LIBRARY_PATH=/home/rokey/turtlebot3_ws/install/turtlebot3_msgs/lib:/home/rokey/turtlebot3_ws/install/dynamixel_sdk/lib:/opt/ros/humble/opt/rviz_ogre_vendor/lib:/opt/ros/humble/lib/x86_64-linux-gnu:/opt/ros/humble/lib:/usr/lib/x86_64-linux-gnu/gazebo-11/plugins:/usr/lib/x86_64-linux-gnu/gazebo-11/plugins:/home/rokey/{your_ws}/build/turtlebot3_gazebo:/home/rokey/turtlebot_ws/build/turtlebot3_gazebo:/usr/lib/x86_64-linux-gnu/gazebo-11/plugins:/usr/lib/x86_64-linux-gnu/gazebo-11/plugins:/home/rokey/turtlebot3_ws/build/turtlebot3_gazebo:/home/rokey/{your_ws}/build/turtlebot3_gazebo:/home/rokey/turtlebot_ws/build/turtlebot3_gazebo:/usr/lib/x86_64-linux-gnu/gazebo-11/plugins:/home/rokey/{your_ws}/build/turtlebot3_gazebo:/home/rokey/turtlebot_ws/build/turtlebot3_gazebo:/usr/lib/x86_64-linux-gnu/gazebo-11/plugins PYTHONPATH=/home/rokey/turtlebot3_ws/install/turtlebot3_msgs/local/lib/python3.10/dist-packages:/home/rokey/turtlebot3_ws/install/dynamixel_sdk/local/lib/python3.10/dist-packages:${PYTHONPATH} /usr/bin/cmake --build /home/rokey/turtlebot3_ws/build/turtlebot3_node -- -j8 -l8
[27.111s] Invoking command in '/home/rokey/turtlebot3_ws/build/turtlebot3_node': AMENT_PREFIX_PATH=/home/rokey/turtlebot3_ws/install/turtlebot3_msgs:/home/rokey/turtlebot3_ws/install/dynamixel_sdk:${AMENT_PREFIX_PATH} CMAKE_PREFIX_PATH=/home/rokey/turtlebot3_ws/install/turtlebot3_msgs:/home/rokey/turtlebot3_ws/install/dynamixel_sdk:/opt/ros/humble LD_LIBRARY_PATH=/home/rokey/turtlebot3_ws/install/turtlebot3_msgs/lib:/home/rokey/turtlebot3_ws/install/dynamixel_sdk/lib:/opt/ros/humble/opt/rviz_ogre_vendor/lib:/opt/ros/humble/lib/x86_64-linux-gnu:/opt/ros/humble/lib:/usr/lib/x86_64-linux-gnu/gazebo-11/plugins:/usr/lib/x86_64-linux-gnu/gazebo-11/plugins:/home/rokey/{your_ws}/build/turtlebot3_gazebo:/home/rokey/turtlebot_ws/build/turtlebot3_gazebo:/usr/lib/x86_64-linux-gnu/gazebo-11/plugins:/usr/lib/x86_64-linux-gnu/gazebo-11/plugins:/home/rokey/turtlebot3_ws/build/turtlebot3_gazebo:/home/rokey/{your_ws}/build/turtlebot3_gazebo:/home/rokey/turtlebot_ws/build/turtlebot3_gazebo:/usr/lib/x86_64-linux-gnu/gazebo-11/plugins:/home/rokey/{your_ws}/build/turtlebot3_gazebo:/home/rokey/turtlebot_ws/build/turtlebot3_gazebo:/usr/lib/x86_64-linux-gnu/gazebo-11/plugins PYTHONPATH=/home/rokey/turtlebot3_ws/install/turtlebot3_msgs/local/lib/python3.10/dist-packages:/home/rokey/turtlebot3_ws/install/dynamixel_sdk/local/lib/python3.10/dist-packages:${PYTHONPATH} /usr/bin/cmake --install /home/rokey/turtlebot3_ws/build/turtlebot3_node
[27.117s] -- Install configuration: ""
[27.117s] -- Execute custom install script
[27.118s] -- Symlinking: /home/rokey/turtlebot3_ws/install/turtlebot3_node/share/turtlebot3_node/param/burger.yaml
[27.125s] -- Symlinking: /home/rokey/turtlebot3_ws/install/turtlebot3_node/share/turtlebot3_node/param/waffle.yaml
[27.132s] -- Symlinking: /home/rokey/turtlebot3_ws/install/turtlebot3_node/share/turtlebot3_node/param/waffle_pi.yaml
[27.140s] -- Symlinking: /home/rokey/turtlebot3_ws/install/turtlebot3_node/lib/turtlebot3_node/turtlebot3_ros
[27.147s] -- Symlinking: /home/rokey/turtlebot3_ws/install/turtlebot3_node/share/ament_index/resource_index/package_run_dependencies/turtlebot3_node
[27.155s] -- Symlinking: /home/rokey/turtlebot3_ws/install/turtlebot3_node/share/ament_index/resource_index/parent_prefix_path/turtlebot3_node
[27.162s] -- Symlinking: /home/rokey/turtlebot3_ws/install/turtlebot3_node/share/turtlebot3_node/environment/ament_prefix_path.sh
[27.169s] -- Symlinking: /home/rokey/turtlebot3_ws/install/turtlebot3_node/share/turtlebot3_node/environment/ament_prefix_path.dsv
[27.176s] -- Symlinking: /home/rokey/turtlebot3_ws/install/turtlebot3_node/share/turtlebot3_node/environment/path.sh
[27.183s] -- Symlinking: /home/rokey/turtlebot3_ws/install/turtlebot3_node/share/turtlebot3_node/environment/path.dsv
[27.191s] -- Symlinking: /home/rokey/turtlebot3_ws/install/turtlebot3_node/share/turtlebot3_node/local_setup.bash
[27.198s] -- Symlinking: /home/rokey/turtlebot3_ws/install/turtlebot3_node/share/turtlebot3_node/local_setup.sh
[27.205s] -- Symlinking: /home/rokey/turtlebot3_ws/install/turtlebot3_node/share/turtlebot3_node/local_setup.zsh
[27.212s] -- Symlinking: /home/rokey/turtlebot3_ws/install/turtlebot3_node/share/turtlebot3_node/local_setup.dsv
[27.219s] -- Symlinking: /home/rokey/turtlebot3_ws/install/turtlebot3_node/share/turtlebot3_node/package.dsv
[27.227s] -- Symlinking: /home/rokey/turtlebot3_ws/install/turtlebot3_node/share/ament_index/resource_index/packages/turtlebot3_node
[27.234s] -- Symlinking: /home/rokey/turtlebot3_ws/install/turtlebot3_node/share/turtlebot3_node/cmake/ament_cmake_export_dependencies-extras.cmake
[27.241s] -- Symlinking: /home/rokey/turtlebot3_ws/install/turtlebot3_node/share/turtlebot3_node/cmake/ament_cmake_export_include_directories-extras.cmake
[27.248s] -- Symlinking: /home/rokey/turtlebot3_ws/install/turtlebot3_node/share/turtlebot3_node/cmake/turtlebot3_nodeConfig.cmake
[27.255s] -- Symlinking: /home/rokey/turtlebot3_ws/install/turtlebot3_node/share/turtlebot3_node/cmake/turtlebot3_nodeConfig-version.cmake
[27.262s] -- Symlinking: /home/rokey/turtlebot3_ws/install/turtlebot3_node/share/turtlebot3_node/package.xml
[27.272s] Invoked command in '/home/rokey/turtlebot3_ws/build/turtlebot3_node' returned '0': AMENT_PREFIX_PATH=/home/rokey/turtlebot3_ws/install/turtlebot3_msgs:/home/rokey/turtlebot3_ws/install/dynamixel_sdk:${AMENT_PREFIX_PATH} CMAKE_PREFIX_PATH=/home/rokey/turtlebot3_ws/install/turtlebot3_msgs:/home/rokey/turtlebot3_ws/install/dynamixel_sdk:/opt/ros/humble LD_LIBRARY_PATH=/home/rokey/turtlebot3_ws/install/turtlebot3_msgs/lib:/home/rokey/turtlebot3_ws/install/dynamixel_sdk/lib:/opt/ros/humble/opt/rviz_ogre_vendor/lib:/opt/ros/humble/lib/x86_64-linux-gnu:/opt/ros/humble/lib:/usr/lib/x86_64-linux-gnu/gazebo-11/plugins:/usr/lib/x86_64-linux-gnu/gazebo-11/plugins:/home/rokey/{your_ws}/build/turtlebot3_gazebo:/home/rokey/turtlebot_ws/build/turtlebot3_gazebo:/usr/lib/x86_64-linux-gnu/gazebo-11/plugins:/usr/lib/x86_64-linux-gnu/gazebo-11/plugins:/home/rokey/turtlebot3_ws/build/turtlebot3_gazebo:/home/rokey/{your_ws}/build/turtlebot3_gazebo:/home/rokey/turtlebot_ws/build/turtlebot3_gazebo:/usr/lib/x86_64-linux-gnu/gazebo-11/plugins:/home/rokey/{your_ws}/build/turtlebot3_gazebo:/home/rokey/turtlebot_ws/build/turtlebot3_gazebo:/usr/lib/x86_64-linux-gnu/gazebo-11/plugins PYTHONPATH=/home/rokey/turtlebot3_ws/install/turtlebot3_msgs/local/lib/python3.10/dist-packages:/home/rokey/turtlebot3_ws/install/dynamixel_sdk/local/lib/python3.10/dist-packages:${PYTHONPATH} /usr/bin/cmake --install /home/rokey/turtlebot3_ws/build/turtlebot3_node
