[1.248s] Invoking command in '/home/rokey/turtlebot3_ws/build/turtlebot3_example': AMENT_PREFIX_PATH=/home/rokey/turtlebot3_ws/install/turtlebot3_msgs:${AMENT_PREFIX_PATH} CMAKE_PREFIX_PATH=/home/rokey/turtlebot3_ws/install/turtlebot3_msgs LD_LIBRARY_PATH=/home/rokey/turtlebot3_ws/install/turtlebot3_msgs/lib:/opt/ros/humble/opt/rviz_ogre_vendor/lib:/opt/ros/humble/lib/x86_64-linux-gnu:/opt/ros/humble/lib:/usr/lib/x86_64-linux-gnu/gazebo-11/plugins:/usr/lib/x86_64-linux-gnu/gazebo-11/plugins:/home/rokey/{your_ws}/build/turtlebot3_gazebo:/home/rokey/turtlebot_ws/build/turtlebot3_gazebo:/usr/lib/x86_64-linux-gnu/gazebo-11/plugins:/usr/lib/x86_64-linux-gnu/gazebo-11/plugins:/home/rokey/turtlebot3_ws/build/turtlebot3_gazebo:/home/rokey/{your_ws}/build/turtlebot3_gazebo:/home/rokey/turtlebot_ws/build/turtlebot3_gazebo:/usr/lib/x86_64-linux-gnu/gazebo-11/plugins:/home/rokey/{your_ws}/build/turtlebot3_gazebo:/home/rokey/turtlebot_ws/build/turtlebot3_gazebo:/usr/lib/x86_64-linux-gnu/gazebo-11/plugins PYTHONPATH=/home/rokey/turtlebot3_ws/build/turtlebot3_example/prefix_override:/usr/lib/python3/dist-packages/colcon_core/task/python/colcon_distutils_commands:/home/rokey/turtlebot3_ws/install/turtlebot3_example/lib/python3.10/site-packages:/home/rokey/turtlebot3_ws/install/turtlebot3_msgs/local/lib/python3.10/dist-packages:${PYTHONPATH} /usr/bin/python3 -W ignore:setup.py install is deprecated -W ignore:easy_install command is deprecated setup.py develop --editable --build-directory /home/rokey/turtlebot3_ws/build/turtlebot3_example/build --no-deps symlink_data
[1.718s] running develop
[2.050s] running egg_info
[2.050s] creating turtlebot3_example.egg-info
[2.071s] writing turtlebot3_example.egg-info/PKG-INFO
[2.071s] writing dependency_links to turtlebot3_example.egg-info/dependency_links.txt
[2.071s] writing entry points to turtlebot3_example.egg-info/entry_points.txt
[2.072s] writing requirements to turtlebot3_example.egg-info/requires.txt
[2.072s] writing top-level names to turtlebot3_example.egg-info/top_level.txt
[2.072s] writing manifest file 'turtlebot3_example.egg-info/SOURCES.txt'
[2.125s] reading manifest file 'turtlebot3_example.egg-info/SOURCES.txt'
[2.126s] writing manifest file 'turtlebot3_example.egg-info/SOURCES.txt'
[2.163s] running build_ext
[2.164s] Creating /home/rokey/turtlebot3_ws/install/turtlebot3_example/lib/python3.10/site-packages/turtlebot3-example.egg-link (link to .)
[2.164s] Installing turtlebot3_absolute_move script to /home/rokey/turtlebot3_ws/install/turtlebot3_example/lib/turtlebot3_example
[2.164s] Installing turtlebot3_interactive_marker script to /home/rokey/turtlebot3_ws/install/turtlebot3_example/lib/turtlebot3_example
[2.164s] Installing turtlebot3_obstacle_detection script to /home/rokey/turtlebot3_ws/install/turtlebot3_example/lib/turtlebot3_example
[2.165s] Installing turtlebot3_patrol_client script to /home/rokey/turtlebot3_ws/install/turtlebot3_example/lib/turtlebot3_example
[2.165s] Installing turtlebot3_patrol_server script to /home/rokey/turtlebot3_ws/install/turtlebot3_example/lib/turtlebot3_example
[2.165s] Installing turtlebot3_relative_move script to /home/rokey/turtlebot3_ws/install/turtlebot3_example/lib/turtlebot3_example
[2.166s] 
[2.166s] Installed /home/rokey/turtlebot3_ws/build/turtlebot3_example
[2.166s] running symlink_data
[2.167s] creating /home/rokey/turtlebot3_ws/install/turtlebot3_example/share/ament_index
[2.167s] creating /home/rokey/turtlebot3_ws/install/turtlebot3_example/share/ament_index/resource_index
[2.167s] creating /home/rokey/turtlebot3_ws/install/turtlebot3_example/share/ament_index/resource_index/packages
[2.167s] symbolically linking /home/rokey/turtlebot3_ws/build/turtlebot3_example/resource/turtlebot3_example -> /home/rokey/turtlebot3_ws/install/turtlebot3_example/share/ament_index/resource_index/packages
[2.168s] symbolically linking /home/rokey/turtlebot3_ws/build/turtlebot3_example/package.xml -> /home/rokey/turtlebot3_ws/install/turtlebot3_example/share/turtlebot3_example
[2.255s] Invoked command in '/home/rokey/turtlebot3_ws/build/turtlebot3_example' returned '0': AMENT_PREFIX_PATH=/home/rokey/turtlebot3_ws/install/turtlebot3_msgs:${AMENT_PREFIX_PATH} CMAKE_PREFIX_PATH=/home/rokey/turtlebot3_ws/install/turtlebot3_msgs LD_LIBRARY_PATH=/home/rokey/turtlebot3_ws/install/turtlebot3_msgs/lib:/opt/ros/humble/opt/rviz_ogre_vendor/lib:/opt/ros/humble/lib/x86_64-linux-gnu:/opt/ros/humble/lib:/usr/lib/x86_64-linux-gnu/gazebo-11/plugins:/usr/lib/x86_64-linux-gnu/gazebo-11/plugins:/home/rokey/{your_ws}/build/turtlebot3_gazebo:/home/rokey/turtlebot_ws/build/turtlebot3_gazebo:/usr/lib/x86_64-linux-gnu/gazebo-11/plugins:/usr/lib/x86_64-linux-gnu/gazebo-11/plugins:/home/rokey/turtlebot3_ws/build/turtlebot3_gazebo:/home/rokey/{your_ws}/build/turtlebot3_gazebo:/home/rokey/turtlebot_ws/build/turtlebot3_gazebo:/usr/lib/x86_64-linux-gnu/gazebo-11/plugins:/home/rokey/{your_ws}/build/turtlebot3_gazebo:/home/rokey/turtlebot_ws/build/turtlebot3_gazebo:/usr/lib/x86_64-linux-gnu/gazebo-11/plugins PYTHONPATH=/home/rokey/turtlebot3_ws/build/turtlebot3_example/prefix_override:/usr/lib/python3/dist-packages/colcon_core/task/python/colcon_distutils_commands:/home/rokey/turtlebot3_ws/install/turtlebot3_example/lib/python3.10/site-packages:/home/rokey/turtlebot3_ws/install/turtlebot3_msgs/local/lib/python3.10/dist-packages:${PYTHONPATH} /usr/bin/python3 -W ignore:setup.py install is deprecated -W ignore:easy_install command is deprecated setup.py develop --editable --build-directory /home/rokey/turtlebot3_ws/build/turtlebot3_example/build --no-deps symlink_data
