[0.042s] Invoking command in '/home/rokey/turtlebot3_ws/build/dynamixel_sdk_examples': AMENT_PREFIX_PATH=/home/rokey/turtlebot3_ws/install/dynamixel_sdk_custom_interfaces:/home/rokey/turtlebot3_ws/install/dynamixel_sdk:${AMENT_PREFIX_PATH} CMAKE_PREFIX_PATH=/home/rokey/turtlebot3_ws/install/dynamixel_sdk_custom_interfaces:/home/rokey/turtlebot3_ws/install/dynamixel_sdk:/opt/ros/humble LD_LIBRARY_PATH=/home/rokey/turtlebot3_ws/install/dynamixel_sdk_custom_interfaces/lib:/home/rokey/turtlebot3_ws/install/dynamixel_sdk/lib:/opt/ros/humble/opt/rviz_ogre_vendor/lib:/opt/ros/humble/lib/x86_64-linux-gnu:/opt/ros/humble/lib:/usr/lib/x86_64-linux-gnu/gazebo-11/plugins:/usr/lib/x86_64-linux-gnu/gazebo-11/plugins:/home/rokey/{your_ws}/build/turtlebot3_gazebo:/home/rokey/turtlebot_ws/build/turtlebot3_gazebo:/usr/lib/x86_64-linux-gnu/gazebo-11/plugins:/usr/lib/x86_64-linux-gnu/gazebo-11/plugins:/home/rokey/turtlebot3_ws/build/turtlebot3_gazebo:/home/rokey/{your_ws}/build/turtlebot3_gazebo:/home/rokey/turtlebot_ws/build/turtlebot3_gazebo:/usr/lib/x86_64-linux-gnu/gazebo-11/plugins:/home/rokey/{your_ws}/build/turtlebot3_gazebo:/home/rokey/turtlebot_ws/build/turtlebot3_gazebo:/usr/lib/x86_64-linux-gnu/gazebo-11/plugins PYTHONPATH=/home/rokey/turtlebot3_ws/install/dynamixel_sdk_custom_interfaces/local/lib/python3.10/dist-packages:/home/rokey/turtlebot3_ws/install/dynamixel_sdk/local/lib/python3.10/dist-packages:${PYTHONPATH} /usr/bin/cmake /home/rokey/turtlebot3_ws/src/DynamixelSDK/ros/dynamixel_sdk_examples -DAMENT_CMAKE_SYMLINK_INSTALL=1 -DCMAKE_INSTALL_PREFIX=/home/rokey/turtlebot3_ws/install/dynamixel_sdk_examples
[0.168s] -- The C compiler identification is GNU 11.4.0
[0.311s] -- The CXX compiler identification is GNU 11.4.0
[0.329s] -- Detecting C compiler ABI info
[0.527s] -- Detecting C compiler ABI info - done
[0.556s] -- Check for working C compiler: /usr/bin/cc - skipped
[0.556s] -- Detecting C compile features
[0.557s] -- Detecting C compile features - done
[0.570s] -- Detecting CXX compiler ABI info
[0.735s] -- Detecting CXX compiler ABI info - done
[0.760s] -- Check for working CXX compiler: /usr/bin/c++ - skipped
[0.761s] -- Detecting CXX compile features
[0.762s] -- Detecting CXX compile features - done
[0.768s] -- Found ament_cmake: 1.3.11 (/opt/ros/humble/share/ament_cmake/cmake)
[1.805s] -- Found Python3: /usr/bin/python3 (found version "3.10.12") found components: Interpreter 
[1.868s] -- Override CMake install command with custom implementation using symlinks instead of copying resources
[1.899s] -- Found dynamixel_sdk: 3.8.4 (/home/rokey/turtlebot3_ws/install/dynamixel_sdk/share/dynamixel_sdk/cmake)
[1.901s] -- Found dynamixel_sdk_custom_interfaces: 3.8.4 (/home/rokey/turtlebot3_ws/install/dynamixel_sdk_custom_interfaces/share/dynamixel_sdk_custom_interfaces/cmake)
[1.940s] -- Found rosidl_generator_c: 3.1.6 (/opt/ros/humble/share/rosidl_generator_c/cmake)
[1.946s] -- Found rosidl_adapter: 3.1.6 (/opt/ros/humble/share/rosidl_adapter/cmake)
[1.956s] -- Found rosidl_generator_cpp: 3.1.6 (/opt/ros/humble/share/rosidl_generator_cpp/cmake)
[1.968s] -- Using all available rosidl_typesupport_c: rosidl_typesupport_fastrtps_c;rosidl_typesupport_introspection_c
[1.985s] -- Using all available rosidl_typesupport_cpp: rosidl_typesupport_fastrtps_cpp;rosidl_typesupport_introspection_cpp
[2.016s] -- Found rclcpp: 16.0.12 (/opt/ros/humble/share/rclcpp/cmake)
[2.068s] -- Found rmw_implementation_cmake: 6.1.2 (/opt/ros/humble/share/rmw_implementation_cmake/cmake)
[2.072s] -- Found rmw_fastrtps_cpp: 6.2.7 (/opt/ros/humble/share/rmw_fastrtps_cpp/cmake)
[2.159s] -- Found OpenSSL: /usr/lib/x86_64-linux-gnu/libcrypto.so (found version "3.0.2")  
[2.188s] -- Found FastRTPS: /opt/ros/humble/include  
[2.230s] -- Using RMW implementation 'rmw_fastrtps_cpp' as default
[2.242s] -- Looking for pthread.h
[2.304s] -- Looking for pthread.h - found
[2.305s] -- Performing Test CMAKE_HAVE_LIBC_PTHREAD
[2.366s] -- Performing Test CMAKE_HAVE_LIBC_PTHREAD - Success
[2.367s] -- Found Threads: TRUE  
[2.433s] -- Found rclpy: 3.3.16 (/opt/ros/humble/share/rclpy/cmake)
[2.435s] -- Found ament_lint_auto: 0.12.12 (/opt/ros/humble/share/ament_lint_auto/cmake)
[2.522s] -- Added test 'copyright' to check source files copyright and LICENSE
[2.523s] -- Added test 'cppcheck' to perform static code analysis on C / C++ code
[2.523s] -- Configured cppcheck include dirs: /home/rokey/turtlebot3_ws/src/DynamixelSDK/ros/dynamixel_sdk_examples/include
[2.523s] -- Configured cppcheck exclude dirs and/or files: 
[2.524s] -- Added test 'cpplint' to check C / C++ code against the Google style
[2.524s] -- Configured cpplint exclude dirs and/or files: 
[2.525s] -- Added test 'flake8' to check Python code syntax and style conventions
[2.525s] -- Added test 'lint_cmake' to check CMake code style
[2.526s] -- Added test 'pep257' to check Python code against some of the docstring style conventions in PEP 257
[2.527s] -- Added test 'uncrustify' to check C / C++ code style
[2.527s] -- Configured uncrustify additional arguments: 
[2.527s] -- Added test 'xmllint' to check XML markup files
[2.529s] -- Configuring done
[2.536s] -- Generating done
[2.539s] -- Build files have been written to: /home/rokey/turtlebot3_ws/build/dynamixel_sdk_examples
[2.547s] Invoked command in '/home/rokey/turtlebot3_ws/build/dynamixel_sdk_examples' returned '0': AMENT_PREFIX_PATH=/home/rokey/turtlebot3_ws/install/dynamixel_sdk_custom_interfaces:/home/rokey/turtlebot3_ws/install/dynamixel_sdk:${AMENT_PREFIX_PATH} CMAKE_PREFIX_PATH=/home/rokey/turtlebot3_ws/install/dynamixel_sdk_custom_interfaces:/home/rokey/turtlebot3_ws/install/dynamixel_sdk:/opt/ros/humble LD_LIBRARY_PATH=/home/rokey/turtlebot3_ws/install/dynamixel_sdk_custom_interfaces/lib:/home/rokey/turtlebot3_ws/install/dynamixel_sdk/lib:/opt/ros/humble/opt/rviz_ogre_vendor/lib:/opt/ros/humble/lib/x86_64-linux-gnu:/opt/ros/humble/lib:/usr/lib/x86_64-linux-gnu/gazebo-11/plugins:/usr/lib/x86_64-linux-gnu/gazebo-11/plugins:/home/rokey/{your_ws}/build/turtlebot3_gazebo:/home/rokey/turtlebot_ws/build/turtlebot3_gazebo:/usr/lib/x86_64-linux-gnu/gazebo-11/plugins:/usr/lib/x86_64-linux-gnu/gazebo-11/plugins:/home/rokey/turtlebot3_ws/build/turtlebot3_gazebo:/home/rokey/{your_ws}/build/turtlebot3_gazebo:/home/rokey/turtlebot_ws/build/turtlebot3_gazebo:/usr/lib/x86_64-linux-gnu/gazebo-11/plugins:/home/rokey/{your_ws}/build/turtlebot3_gazebo:/home/rokey/turtlebot_ws/build/turtlebot3_gazebo:/usr/lib/x86_64-linux-gnu/gazebo-11/plugins PYTHONPATH=/home/rokey/turtlebot3_ws/install/dynamixel_sdk_custom_interfaces/local/lib/python3.10/dist-packages:/home/rokey/turtlebot3_ws/install/dynamixel_sdk/local/lib/python3.10/dist-packages:${PYTHONPATH} /usr/bin/cmake /home/rokey/turtlebot3_ws/src/DynamixelSDK/ros/dynamixel_sdk_examples -DAMENT_CMAKE_SYMLINK_INSTALL=1 -DCMAKE_INSTALL_PREFIX=/home/rokey/turtlebot3_ws/install/dynamixel_sdk_examples
[2.548s] Invoking command in '/home/rokey/turtlebot3_ws/build/dynamixel_sdk_examples': AMENT_PREFIX_PATH=/home/rokey/turtlebot3_ws/install/dynamixel_sdk_custom_interfaces:/home/rokey/turtlebot3_ws/install/dynamixel_sdk:${AMENT_PREFIX_PATH} CMAKE_PREFIX_PATH=/home/rokey/turtlebot3_ws/install/dynamixel_sdk_custom_interfaces:/home/rokey/turtlebot3_ws/install/dynamixel_sdk:/opt/ros/humble LD_LIBRARY_PATH=/home/rokey/turtlebot3_ws/install/dynamixel_sdk_custom_interfaces/lib:/home/rokey/turtlebot3_ws/install/dynamixel_sdk/lib:/opt/ros/humble/opt/rviz_ogre_vendor/lib:/opt/ros/humble/lib/x86_64-linux-gnu:/opt/ros/humble/lib:/usr/lib/x86_64-linux-gnu/gazebo-11/plugins:/usr/lib/x86_64-linux-gnu/gazebo-11/plugins:/home/rokey/{your_ws}/build/turtlebot3_gazebo:/home/rokey/turtlebot_ws/build/turtlebot3_gazebo:/usr/lib/x86_64-linux-gnu/gazebo-11/plugins:/usr/lib/x86_64-linux-gnu/gazebo-11/plugins:/home/rokey/turtlebot3_ws/build/turtlebot3_gazebo:/home/rokey/{your_ws}/build/turtlebot3_gazebo:/home/rokey/turtlebot_ws/build/turtlebot3_gazebo:/usr/lib/x86_64-linux-gnu/gazebo-11/plugins:/home/rokey/{your_ws}/build/turtlebot3_gazebo:/home/rokey/turtlebot_ws/build/turtlebot3_gazebo:/usr/lib/x86_64-linux-gnu/gazebo-11/plugins PYTHONPATH=/home/rokey/turtlebot3_ws/install/dynamixel_sdk_custom_interfaces/local/lib/python3.10/dist-packages:/home/rokey/turtlebot3_ws/install/dynamixel_sdk/local/lib/python3.10/dist-packages:${PYTHONPATH} /usr/bin/cmake --build /home/rokey/turtlebot3_ws/build/dynamixel_sdk_examples -- -j8 -l8
[2.589s] [ 50%] [32mBuilding CXX object CMakeFiles/read_write_node.dir/src/read_write_node.cpp.o[0m
[14.851s] [100%] [32m[1mLinking CXX executable read_write_node[0m
[15.546s] [100%] Built target read_write_node
[15.561s] Invoked command in '/home/rokey/turtlebot3_ws/build/dynamixel_sdk_examples' returned '0': AMENT_PREFIX_PATH=/home/rokey/turtlebot3_ws/install/dynamixel_sdk_custom_interfaces:/home/rokey/turtlebot3_ws/install/dynamixel_sdk:${AMENT_PREFIX_PATH} CMAKE_PREFIX_PATH=/home/rokey/turtlebot3_ws/install/dynamixel_sdk_custom_interfaces:/home/rokey/turtlebot3_ws/install/dynamixel_sdk:/opt/ros/humble LD_LIBRARY_PATH=/home/rokey/turtlebot3_ws/install/dynamixel_sdk_custom_interfaces/lib:/home/rokey/turtlebot3_ws/install/dynamixel_sdk/lib:/opt/ros/humble/opt/rviz_ogre_vendor/lib:/opt/ros/humble/lib/x86_64-linux-gnu:/opt/ros/humble/lib:/usr/lib/x86_64-linux-gnu/gazebo-11/plugins:/usr/lib/x86_64-linux-gnu/gazebo-11/plugins:/home/rokey/{your_ws}/build/turtlebot3_gazebo:/home/rokey/turtlebot_ws/build/turtlebot3_gazebo:/usr/lib/x86_64-linux-gnu/gazebo-11/plugins:/usr/lib/x86_64-linux-gnu/gazebo-11/plugins:/home/rokey/turtlebot3_ws/build/turtlebot3_gazebo:/home/rokey/{your_ws}/build/turtlebot3_gazebo:/home/rokey/turtlebot_ws/build/turtlebot3_gazebo:/usr/lib/x86_64-linux-gnu/gazebo-11/plugins:/home/rokey/{your_ws}/build/turtlebot3_gazebo:/home/rokey/turtlebot_ws/build/turtlebot3_gazebo:/usr/lib/x86_64-linux-gnu/gazebo-11/plugins PYTHONPATH=/home/rokey/turtlebot3_ws/install/dynamixel_sdk_custom_interfaces/local/lib/python3.10/dist-packages:/home/rokey/turtlebot3_ws/install/dynamixel_sdk/local/lib/python3.10/dist-packages:${PYTHONPATH} /usr/bin/cmake --build /home/rokey/turtlebot3_ws/build/dynamixel_sdk_examples -- -j8 -l8
[15.563s] Invoking command in '/home/rokey/turtlebot3_ws/build/dynamixel_sdk_examples': AMENT_PREFIX_PATH=/home/rokey/turtlebot3_ws/install/dynamixel_sdk_custom_interfaces:/home/rokey/turtlebot3_ws/install/dynamixel_sdk:${AMENT_PREFIX_PATH} CMAKE_PREFIX_PATH=/home/rokey/turtlebot3_ws/install/dynamixel_sdk_custom_interfaces:/home/rokey/turtlebot3_ws/install/dynamixel_sdk:/opt/ros/humble LD_LIBRARY_PATH=/home/rokey/turtlebot3_ws/install/dynamixel_sdk_custom_interfaces/lib:/home/rokey/turtlebot3_ws/install/dynamixel_sdk/lib:/opt/ros/humble/opt/rviz_ogre_vendor/lib:/opt/ros/humble/lib/x86_64-linux-gnu:/opt/ros/humble/lib:/usr/lib/x86_64-linux-gnu/gazebo-11/plugins:/usr/lib/x86_64-linux-gnu/gazebo-11/plugins:/home/rokey/{your_ws}/build/turtlebot3_gazebo:/home/rokey/turtlebot_ws/build/turtlebot3_gazebo:/usr/lib/x86_64-linux-gnu/gazebo-11/plugins:/usr/lib/x86_64-linux-gnu/gazebo-11/plugins:/home/rokey/turtlebot3_ws/build/turtlebot3_gazebo:/home/rokey/{your_ws}/build/turtlebot3_gazebo:/home/rokey/turtlebot_ws/build/turtlebot3_gazebo:/usr/lib/x86_64-linux-gnu/gazebo-11/plugins:/home/rokey/{your_ws}/build/turtlebot3_gazebo:/home/rokey/turtlebot_ws/build/turtlebot3_gazebo:/usr/lib/x86_64-linux-gnu/gazebo-11/plugins PYTHONPATH=/home/rokey/turtlebot3_ws/install/dynamixel_sdk_custom_interfaces/local/lib/python3.10/dist-packages:/home/rokey/turtlebot3_ws/install/dynamixel_sdk/local/lib/python3.10/dist-packages:${PYTHONPATH} /usr/bin/cmake --install /home/rokey/turtlebot3_ws/build/dynamixel_sdk_examples
[15.574s] -- Install configuration: ""
[15.574s] -- Execute custom install script
[15.574s] -- Symlinking: /home/rokey/turtlebot3_ws/install/dynamixel_sdk_examples/lib/dynamixel_sdk_examples/read_write_node
[15.587s] -- Symlinking: /home/rokey/turtlebot3_ws/install/dynamixel_sdk_examples/lib/dynamixel_sdk_examples/read_write_node.py
[15.600s] -- Symlinking: /home/rokey/turtlebot3_ws/install/dynamixel_sdk_examples/share/ament_index/resource_index/package_run_dependencies/dynamixel_sdk_examples
[15.612s] -- Symlinking: /home/rokey/turtlebot3_ws/install/dynamixel_sdk_examples/share/ament_index/resource_index/parent_prefix_path/dynamixel_sdk_examples
[15.626s] -- Symlinking: /home/rokey/turtlebot3_ws/install/dynamixel_sdk_examples/share/dynamixel_sdk_examples/environment/ament_prefix_path.sh
[15.639s] -- Symlinking: /home/rokey/turtlebot3_ws/install/dynamixel_sdk_examples/share/dynamixel_sdk_examples/environment/ament_prefix_path.dsv
[15.652s] -- Symlinking: /home/rokey/turtlebot3_ws/install/dynamixel_sdk_examples/share/dynamixel_sdk_examples/environment/path.sh
[15.665s] -- Symlinking: /home/rokey/turtlebot3_ws/install/dynamixel_sdk_examples/share/dynamixel_sdk_examples/environment/path.dsv
[15.677s] -- Symlinking: /home/rokey/turtlebot3_ws/install/dynamixel_sdk_examples/share/dynamixel_sdk_examples/local_setup.bash
[15.690s] -- Symlinking: /home/rokey/turtlebot3_ws/install/dynamixel_sdk_examples/share/dynamixel_sdk_examples/local_setup.sh
[15.702s] -- Symlinking: /home/rokey/turtlebot3_ws/install/dynamixel_sdk_examples/share/dynamixel_sdk_examples/local_setup.zsh
[15.714s] -- Symlinking: /home/rokey/turtlebot3_ws/install/dynamixel_sdk_examples/share/dynamixel_sdk_examples/local_setup.dsv
[15.727s] -- Symlinking: /home/rokey/turtlebot3_ws/install/dynamixel_sdk_examples/share/dynamixel_sdk_examples/package.dsv
[15.739s] -- Symlinking: /home/rokey/turtlebot3_ws/install/dynamixel_sdk_examples/share/ament_index/resource_index/packages/dynamixel_sdk_examples
[15.751s] -- Symlinking: /home/rokey/turtlebot3_ws/install/dynamixel_sdk_examples/share/dynamixel_sdk_examples/cmake/dynamixel_sdk_examplesConfig.cmake
[15.762s] -- Symlinking: /home/rokey/turtlebot3_ws/install/dynamixel_sdk_examples/share/dynamixel_sdk_examples/cmake/dynamixel_sdk_examplesConfig-version.cmake
[15.775s] -- Symlinking: /home/rokey/turtlebot3_ws/install/dynamixel_sdk_examples/share/dynamixel_sdk_examples/package.xml
[15.789s] Invoked command in '/home/rokey/turtlebot3_ws/build/dynamixel_sdk_examples' returned '0': AMENT_PREFIX_PATH=/home/rokey/turtlebot3_ws/install/dynamixel_sdk_custom_interfaces:/home/rokey/turtlebot3_ws/install/dynamixel_sdk:${AMENT_PREFIX_PATH} CMAKE_PREFIX_PATH=/home/rokey/turtlebot3_ws/install/dynamixel_sdk_custom_interfaces:/home/rokey/turtlebot3_ws/install/dynamixel_sdk:/opt/ros/humble LD_LIBRARY_PATH=/home/rokey/turtlebot3_ws/install/dynamixel_sdk_custom_interfaces/lib:/home/rokey/turtlebot3_ws/install/dynamixel_sdk/lib:/opt/ros/humble/opt/rviz_ogre_vendor/lib:/opt/ros/humble/lib/x86_64-linux-gnu:/opt/ros/humble/lib:/usr/lib/x86_64-linux-gnu/gazebo-11/plugins:/usr/lib/x86_64-linux-gnu/gazebo-11/plugins:/home/rokey/{your_ws}/build/turtlebot3_gazebo:/home/rokey/turtlebot_ws/build/turtlebot3_gazebo:/usr/lib/x86_64-linux-gnu/gazebo-11/plugins:/usr/lib/x86_64-linux-gnu/gazebo-11/plugins:/home/rokey/turtlebot3_ws/build/turtlebot3_gazebo:/home/rokey/{your_ws}/build/turtlebot3_gazebo:/home/rokey/turtlebot_ws/build/turtlebot3_gazebo:/usr/lib/x86_64-linux-gnu/gazebo-11/plugins:/home/rokey/{your_ws}/build/turtlebot3_gazebo:/home/rokey/turtlebot_ws/build/turtlebot3_gazebo:/usr/lib/x86_64-linux-gnu/gazebo-11/plugins PYTHONPATH=/home/rokey/turtlebot3_ws/install/dynamixel_sdk_custom_interfaces/local/lib/python3.10/dist-packages:/home/rokey/turtlebot3_ws/install/dynamixel_sdk/local/lib/python3.10/dist-packages:${PYTHONPATH} /usr/bin/cmake --install /home/rokey/turtlebot3_ws/build/dynamixel_sdk_examples
