[2.947s] Invoking command in '/home/rokey/turtlebot3_ws/build/turtlebot3_autorace_camera': PYTHONPATH=/home/rokey/turtlebot3_ws/build/turtlebot3_autorace_camera/prefix_override:/usr/lib/python3/dist-packages/colcon_core/task/python/colcon_distutils_commands:/home/rokey/turtlebot3_ws/install/turtlebot3_autorace_camera/lib/python3.10/site-packages:${PYTHONPATH} /usr/bin/python3 -W ignore:setup.py install is deprecated -W ignore:easy_install command is deprecated setup.py develop --editable --build-directory /home/rokey/turtlebot3_ws/build/turtlebot3_autorace_camera/build --no-deps symlink_data
[3.685s] running develop
[4.193s] running egg_info
[4.193s] creating turtlebot3_autorace_camera.egg-info
[4.214s] writing turtlebot3_autorace_camera.egg-info/PKG-INFO
[4.215s] writing dependency_links to turtlebot3_autorace_camera.egg-info/dependency_links.txt
[4.215s] writing entry points to turtlebot3_autorace_camera.egg-info/entry_points.txt
[4.215s] writing requirements to turtlebot3_autorace_camera.egg-info/requires.txt
[4.215s] writing top-level names to turtlebot3_autorace_camera.egg-info/top_level.txt
[4.215s] writing manifest file 'turtlebot3_autorace_camera.egg-info/SOURCES.txt'
[4.258s] reading manifest file 'turtlebot3_autorace_camera.egg-info/SOURCES.txt'
[4.259s] writing manifest file 'turtlebot3_autorace_camera.egg-info/SOURCES.txt'
[4.281s] running build_ext
[4.281s] Creating /home/rokey/turtlebot3_ws/install/turtlebot3_autorace_camera/lib/python3.10/site-packages/turtlebot3-autorace-camera.egg-link (link to .)
[4.282s] Installing image_compensation script to /home/rokey/turtlebot3_ws/install/turtlebot3_autorace_camera/lib/turtlebot3_autorace_camera
[4.282s] Installing image_projection script to /home/rokey/turtlebot3_ws/install/turtlebot3_autorace_camera/lib/turtlebot3_autorace_camera
[4.282s] 
[4.282s] Installed /home/rokey/turtlebot3_ws/build/turtlebot3_autorace_camera
[4.283s] running symlink_data
[4.283s] creating /home/rokey/turtlebot3_ws/install/turtlebot3_autorace_camera/share/ament_index
[4.283s] creating /home/rokey/turtlebot3_ws/install/turtlebot3_autorace_camera/share/ament_index/resource_index
[4.283s] creating /home/rokey/turtlebot3_ws/install/turtlebot3_autorace_camera/share/ament_index/resource_index/packages
[4.283s] symbolically linking /home/rokey/turtlebot3_ws/build/turtlebot3_autorace_camera/resource/turtlebot3_autorace_camera -> /home/rokey/turtlebot3_ws/install/turtlebot3_autorace_camera/share/ament_index/resource_index/packages
[4.283s] symbolically linking /home/rokey/turtlebot3_ws/build/turtlebot3_autorace_camera/package.xml -> /home/rokey/turtlebot3_ws/install/turtlebot3_autorace_camera/share/turtlebot3_autorace_camera
[4.283s] creating /home/rokey/turtlebot3_ws/install/turtlebot3_autorace_camera/share/turtlebot3_autorace_camera/launch
[4.283s] symbolically linking /home/rokey/turtlebot3_ws/build/turtlebot3_autorace_camera/launch/intrinsic_camera_calibration.launch.py -> /home/rokey/turtlebot3_ws/install/turtlebot3_autorace_camera/share/turtlebot3_autorace_camera/launch
[4.284s] symbolically linking /home/rokey/turtlebot3_ws/build/turtlebot3_autorace_camera/launch/extrinsic_camera_calibration.launch.py -> /home/rokey/turtlebot3_ws/install/turtlebot3_autorace_camera/share/turtlebot3_autorace_camera/launch
[4.284s] creating /home/rokey/turtlebot3_ws/install/turtlebot3_autorace_camera/share/turtlebot3_autorace_camera/calibration
[4.284s] creating /home/rokey/turtlebot3_ws/install/turtlebot3_autorace_camera/share/turtlebot3_autorace_camera/calibration/extrinsic_calibration
[4.284s] symbolically linking /home/rokey/turtlebot3_ws/build/turtlebot3_autorace_camera/calibration/extrinsic_calibration/projection.yaml -> /home/rokey/turtlebot3_ws/install/turtlebot3_autorace_camera/share/turtlebot3_autorace_camera/calibration/extrinsic_calibration
[4.284s] symbolically linking /home/rokey/turtlebot3_ws/build/turtlebot3_autorace_camera/calibration/extrinsic_calibration/compensation.yaml -> /home/rokey/turtlebot3_ws/install/turtlebot3_autorace_camera/share/turtlebot3_autorace_camera/calibration/extrinsic_calibration
[4.335s] Invoked command in '/home/rokey/turtlebot3_ws/build/turtlebot3_autorace_camera' returned '0': PYTHONPATH=/home/rokey/turtlebot3_ws/build/turtlebot3_autorace_camera/prefix_override:/usr/lib/python3/dist-packages/colcon_core/task/python/colcon_distutils_commands:/home/rokey/turtlebot3_ws/install/turtlebot3_autorace_camera/lib/python3.10/site-packages:${PYTHONPATH} /usr/bin/python3 -W ignore:setup.py install is deprecated -W ignore:easy_install command is deprecated setup.py develop --editable --build-directory /home/rokey/turtlebot3_ws/build/turtlebot3_autorace_camera/build --no-deps symlink_data
